Component: ARM Compiler 5.06 update 7 (build 960) Tool: armlink [4d3601]

==============================================================================

Section Cross References

    startup_stm32f407xx.o(STACK) refers (Special) to heapauxi.o(.text) for __use_two_region_memory
    startup_stm32f407xx.o(HEAP) refers (Special) to heapauxi.o(.text) for __use_two_region_memory
    startup_stm32f407xx.o(RESET) refers (Special) to heapauxi.o(.text) for __use_two_region_memory
    startup_stm32f407xx.o(RESET) refers to startup_stm32f407xx.o(STACK) for __initial_sp
    startup_stm32f407xx.o(RESET) refers to startup_stm32f407xx.o(.text) for Reset_Handler
    startup_stm32f407xx.o(RESET) refers to stm32f4xx_it.o(i.NMI_Handler) for NMI_Handler
    startup_stm32f407xx.o(RESET) refers to stm32f4xx_it.o(i.HardFault_Handler) for HardFault_Handler
    startup_stm32f407xx.o(RESET) refers to stm32f4xx_it.o(i.MemManage_Handler) for MemManage_Handler
    startup_stm32f407xx.o(RESET) refers to stm32f4xx_it.o(i.BusFault_Handler) for BusFault_Handler
    startup_stm32f407xx.o(RESET) refers to stm32f4xx_it.o(i.UsageFault_Handler) for UsageFault_Handler
    startup_stm32f407xx.o(RESET) refers to stm32f4xx_it.o(i.SVC_Handler) for SVC_Handler
    startup_stm32f407xx.o(RESET) refers to stm32f4xx_it.o(i.DebugMon_Handler) for DebugMon_Handler
    startup_stm32f407xx.o(RESET) refers to stm32f4xx_it.o(i.PendSV_Handler) for PendSV_Handler
    startup_stm32f407xx.o(RESET) refers to stm32f4xx_it.o(i.SysTick_Handler) for SysTick_Handler
    startup_stm32f407xx.o(RESET) refers to stm32f4xx_it.o(i.EXTI3_IRQHandler) for EXTI3_IRQHandler
    startup_stm32f407xx.o(RESET) refers to stm32f4xx_it.o(i.EXTI4_IRQHandler) for EXTI4_IRQHandler
    startup_stm32f407xx.o(RESET) refers to stm32f4xx_it.o(i.DMA1_Stream1_IRQHandler) for DMA1_Stream1_IRQHandler
    startup_stm32f407xx.o(RESET) refers to stm32f4xx_it.o(i.CAN1_RX0_IRQHandler) for CAN1_RX0_IRQHandler
    startup_stm32f407xx.o(RESET) refers to stm32f4xx_it.o(i.CAN1_RX1_IRQHandler) for CAN1_RX1_IRQHandler
    startup_stm32f407xx.o(RESET) refers to stm32f4xx_it.o(i.EXTI9_5_IRQHandler) for EXTI9_5_IRQHandler
    startup_stm32f407xx.o(RESET) refers to stm32f4xx_it.o(i.USART1_IRQHandler) for USART1_IRQHandler
    startup_stm32f407xx.o(RESET) refers to stm32f4xx_it.o(i.USART3_IRQHandler) for USART3_IRQHandler
    startup_stm32f407xx.o(RESET) refers to stm32f4xx_it.o(i.TIM6_DAC_IRQHandler) for TIM6_DAC_IRQHandler
    startup_stm32f407xx.o(RESET) refers to stm32f4xx_it.o(i.DMA2_Stream2_IRQHandler) for DMA2_Stream2_IRQHandler
    startup_stm32f407xx.o(RESET) refers to stm32f4xx_it.o(i.DMA2_Stream3_IRQHandler) for DMA2_Stream3_IRQHandler
    startup_stm32f407xx.o(RESET) refers to stm32f4xx_it.o(i.CAN2_RX0_IRQHandler) for CAN2_RX0_IRQHandler
    startup_stm32f407xx.o(RESET) refers to stm32f4xx_it.o(i.CAN2_RX1_IRQHandler) for CAN2_RX1_IRQHandler
    startup_stm32f407xx.o(RESET) refers to stm32f4xx_it.o(i.DMA2_Stream7_IRQHandler) for DMA2_Stream7_IRQHandler
    startup_stm32f407xx.o(RESET) refers to stm32f4xx_it.o(i.USART6_IRQHandler) for USART6_IRQHandler
    startup_stm32f407xx.o(.text) refers (Special) to heapauxi.o(.text) for __use_two_region_memory
    startup_stm32f407xx.o(.text) refers to system_stm32f4xx.o(i.SystemInit) for SystemInit
    startup_stm32f407xx.o(.text) refers to __main.o(!!!main) for __main
    startup_stm32f407xx.o(.text) refers to startup_stm32f407xx.o(HEAP) for Heap_Mem
    startup_stm32f407xx.o(.text) refers to startup_stm32f407xx.o(STACK) for Stack_Mem
    main.o(i.HAL_CAN_RxFifo0MsgPendingCallback) refers to stm32f4xx_hal_can.o(i.HAL_CAN_GetRxMessage) for HAL_CAN_GetRxMessage
    main.o(i.HAL_CAN_RxFifo0MsgPendingCallback) refers to motor.o(i.CAN1_M3508_DataProcess) for CAN1_M3508_DataProcess
    main.o(i.HAL_CAN_RxFifo0MsgPendingCallback) refers to motor.o(i.CAN1_M6020_DataProcess) for CAN1_M6020_DataProcess
    main.o(i.HAL_CAN_RxFifo0MsgPendingCallback) refers to motor.o(i.CAN1_M2006_DataProcess) for CAN1_M2006_DataProcess
    main.o(i.HAL_CAN_RxFifo0MsgPendingCallback) refers to motor.o(i.CAN2_M6020_DataProcess) for CAN2_M6020_DataProcess
    main.o(i.HAL_CAN_RxFifo0MsgPendingCallback) refers to gimbal_ctoc.o(i.CToC_AngleProcess) for CToC_AngleProcess
    main.o(i.HAL_CAN_RxFifo0MsgPendingCallback) refers to can.o(.bss) for hcan1
    main.o(i.HAL_CAN_RxFifo0MsgPendingCallback) refers to gimbal_posecalc.o(.bss) for Can_BMI088_Data
    main.o(i.HAL_UART_RxCpltCallback) refers to stm32f4xx_hal_uart.o(i.HAL_UART_Transmit) for HAL_UART_Transmit
    main.o(i.HAL_UART_RxCpltCallback) refers to stm32f4xx_hal_uart.o(i.HAL_UART_Receive_IT) for HAL_UART_Receive_IT
    main.o(i.HAL_UART_RxCpltCallback) refers to stm32f4xx_hal_uart.o(i.HAL_UART_Receive_DMA) for HAL_UART_Receive_DMA
    main.o(i.HAL_UART_RxCpltCallback) refers to main.o(.data) for rx_byte
    main.o(i.HAL_UART_RxCpltCallback) refers to usart.o(.bss) for huart1
[...]
    DMA2_Stream0_IRQHandler                  0x0800029b   Thumb Code     0  startup_stm32f407xx.o(.text)
    DMA2_Stream1_IRQHandler                  0x0800029b   Thumb Code     0  startup_stm32f407xx.o(.text)
    DMA2_Stream4_IRQHandler                  0x0800029b   Thumb Code     0  startup_stm32f407xx.o(.text)
    DMA2_Stream5_IRQHandler                  0x0800029b   Thumb Code     0  startup_stm32f407xx.o(.text)
    DMA2_Stream6_IRQHandler                  0x0800029b   Thumb Code     0  startup_stm32f407xx.o(.text)
    ETH_IRQHandler                           0x0800029b   Thumb Code     0  startup_stm32f407xx.o(.text)
    ETH_WKUP_IRQHandler                      0x0800029b   Thumb Code     0  startup_stm32f407xx.o(.text)
    EXTI0_IRQHandler                         0x0800029b   Thumb Code     0  startup_stm32f407xx.o(.text)
    EXTI15_10_IRQHandler                     0x0800029b   Thumb Code     0  startup_stm32f407xx.o(.text)
    EXTI1_IRQHandler                         0x0800029b   Thumb Code     0  startup_stm32f407xx.o(.text)
    EXTI2_IRQHandler                         0x0800029b   Thumb Code     0  startup_stm32f407xx.o(.text)
    FLASH_IRQHandler                         0x0800029b   Thumb Code     0  startup_stm32f407xx.o(.text)
    FMC_IRQHandler                           0x0800029b   Thumb Code     0  startup_stm32f407xx.o(.text)
    FPU_IRQHandler                           0x0800029b   Thumb Code     0  startup_stm32f407xx.o(.text)
    HASH_RNG_IRQHandler                      0x0800029b   Thumb Code     0  startup_stm32f407xx.o(.text)
    I2C1_ER_IRQHandler                       0x0800029b   Thumb Code     0  startup_stm32f407xx.o(.text)
    I2C1_EV_IRQHandler                       0x0800029b   Thumb Code     0  startup_stm32f407xx.o(.text)
    I2C2_ER_IRQHandler                       0x0800029b   Thumb Code     0  startup_stm32f407xx.o(.text)
    I2C2_EV_IRQHandler                       0x0800029b   Thumb Code     0  startup_stm32f407xx.o(.text)
    I2C3_ER_IRQHandler                       0x0800029b   Thumb Code     0  startup_stm32f407xx.o(.text)
    I2C3_EV_IRQHandler                       0x0800029b   Thumb Code     0  startup_stm32f407xx.o(.text)
    OTG_FS_IRQHandler                        0x0800029b   Thumb Code     0  startup_stm32f407xx.o(.text)
    OTG_FS_WKUP_IRQHandler                   0x0800029b   Thumb Code     0  startup_stm32f407xx.o(.text)
    OTG_HS_EP1_IN_IRQHandler                 0x0800029b   Thumb Code     0  startup_stm32f407xx.o(.text)
    OTG_HS_EP1_OUT_IRQHandler                0x0800029b   Thumb Code     0  startup_stm32f407xx.o(.text)
    OTG_HS_IRQHandler                        0x0800029b   Thumb Code     0  startup_stm32f407xx.o(.text)
    OTG_HS_WKUP_IRQHandler                   0x0800029b   Thumb Code     0  startup_stm32f407xx.o(.text)
    PVD_IRQHandler                           0x0800029b   Thumb Code     0  startup_stm32f407xx.o(.text)
    RCC_IRQHandler                           0x0800029b   Thumb Code     0  startup_stm32f407xx.o(.text)
    RTC_Alarm_IRQHandler                     0x0800029b   Thumb Code     0  startup_stm32f407xx.o(.text)
    RTC_WKUP_IRQHandler                      0x0800029b   Thumb Code     0  startup_stm32f407xx.o(.text)
    SDIO_IRQHandler                          0x0800029b   Thumb Code     0  startup_stm32f407xx.o(.text)
    SPI1_IRQHandler                          0x0800029b   Thumb Code     0  startup_stm32f407xx.o(.text)
    SPI2_IRQHandler                          0x0800029b   Thumb Code     0  startup_stm32f407xx.o(.text)
    SPI3_IRQHandler                          0x0800029b   Thumb Code     0  startup_stm32f407xx.o(.text)
    TAMP_STAMP_IRQHandler                    0x0800029b   Thumb Code     0  startup_stm32f407xx.o(.text)
    TIM1_BRK_TIM9_IRQHandler                 0x0800029b   Thumb Code     0  startup_stm32f407xx.o(.text)
    TIM1_CC_IRQHandler                       0x0800029b   Thumb Code     0  startup_stm32f407xx.o(.text)
    TIM1_TRG_COM_TIM11_IRQHandler            0x0800029b   Thumb Code     0  startup_stm32f407xx.o(.text)
    TIM1_UP_TIM10_IRQHandler                 0x0800029b   Thumb Code     0  startup_stm32f407xx.o(.text)
    TIM2_IRQHandler                          0x0800029b   Thumb Code     0  startup_stm32f407xx.o(.text)
    TIM3_IRQHandler                          0x0800029b   Thumb Code     0  startup_stm32f407xx.o(.text)
    TIM4_IRQHandler                          0x0800029b   Thumb Code     0  startup_stm32f407xx.o(.text)
    TIM5_IRQHandler                          0x0800029b   Thumb Code     0  startup_stm32f407xx.o(.text)
    TIM7_IRQHandler                          0x0800029b   Thumb Code     0  startup_stm32f407xx.o(.text)
    TIM8_BRK_TIM12_IRQHandler                0x0800029b   Thumb Code     0  startup_stm32f407xx.o(.text)
    TIM8_CC_IRQHandler                       0x0800029b   Thumb Code     0  startup_stm32f407xx.o(.text)
    TIM8_TRG_COM_TIM14_IRQHandler            0x0800029b   Thumb Code     0  startup_stm32f407xx.o(.text)
    TIM8_UP_TIM13_IRQHandler                 0x0800029b   Thumb Code     0  startup_stm32f407xx.o(.text)
    UART4_IRQHandler                         0x0800029b   Thumb Code     0  startup_stm32f407xx.o(.text)
    UART5_IRQHandler                         0x0800029b   Thumb Code     0  startup_stm32f407xx.o(.text)
    USART2_IRQHandler                        0x0800029b   Thumb Code     0  startup_stm32f407xx.o(.text)
    WWDG_IRQHandler                          0x0800029b   Thumb Code     0  startup_stm32f407xx.o(.text)
    __user_initial_stackheap                 0x0800029d   Thumb Code     0  startup_stm32f407xx.o(.text)
    __aeabi_uldivmod                         0x080002c1   Thumb Code     0  lludivv7m.o(.text)
    _ll_udiv                                 0x080002c1   Thumb Code   238  lludivv7m.o(.text)
    __aeabi_ldivmod                          0x080003af   Thumb Code     0  llsdiv.o(.text)
    _ll_sdiv                                 0x080003af   Thumb Code    72  llsdiv.o(.text)
    __2snprintf                              0x080003f9   Thumb Code    50  __2snprintf.o(.text)
    __printf                                 0x08000431   Thumb Code   270  __printf_wp.o(.text)
    __aeabi_memcpy4                          0x0800053f   Thumb Code     0  rt_memcpy_w.o(.text)
    __aeabi_memcpy8                          0x0800053f   Thumb Code     0  rt_memcpy_w.o(.text)
    __rt_memcpy_w                            0x0800053f   Thumb Code   100  rt_memcpy_w.o(.text)
    _memcpy_lastbytes_aligned                0x08000587   Thumb Code     0  rt_memcpy_w.o(.text)
    __aeabi_memclr4                          0x080005a3   Thumb Code     0  rt_memclr_w.o(.text)
    __aeabi_memclr8                          0x080005a3   Thumb Code     0  rt_memclr_w.o(.text)
    __rt_memclr_w                            0x080005a3   Thumb Code    78  rt_memclr_w.o(.text)
    _memset_w                                0x080005a7   Thumb Code     0  rt_memclr_w.o(.text)
    __use_two_region_memory                  0x080005f1   Thumb Code     2  heapauxi.o(.text)
    __rt_heap_escrow$2region                 0x080005f3   Thumb Code     2  heapauxi.o(.text)
    __rt_heap_expand$2region                 0x080005f5   Thumb Code     2  heapauxi.o(.text)
    __read_errno                             0x080005f7   Thumb Code    10  _rserrno.o(.text)
    __set_errno                              0x08000601   Thumb Code    12  _rserrno.o(.text)
    __lib_sel_fp_printf                      0x0800060d   Thumb Code     2  _printf_fp_dec.o(.text)
    _printf_fp_dec_real                      0x080007bf   Thumb Code   620  _printf_fp_dec.o(.text)
    _printf_char_common                      0x08000a37   Thumb Code    32  _printf_char_common.o(.text)
    _sputc                                   0x08000a5d   Thumb Code    10  _sputc.o(.text)
    _snputc                                  0x08000a67   Thumb Code    16  _snputc.o(.text)
    __rt_locale                              0x08000a79   Thumb Code     8  rt_locale_intlibspace.o(.text)
    __aeabi_errno_addr                       0x08000a81   Thumb Code     8  rt_errno_addr_intlibspace.o(.text)
    __errno$intlibspace                      0x08000a81   Thumb Code     0  rt_errno_addr_intlibspace.o(.text)
    __rt_errno_addr$intlibspace              0x08000a81   Thumb Code     0  rt_errno_addr_intlibspace.o(.text)
    _ll_udiv10                               0x08000a89   Thumb Code   138  lludiv10.o(.text)
    _printf_fp_infnan                        0x08000b15   Thumb Code   112  _printf_fp_infnan.o(.text)
    _btod_etento                             0x08000b95   Thumb Code   224  bigflt0.o(.text)
    __user_libspace                          0x08000c79   Thumb Code     8  libspace.o(.text)
    __user_perproc_libspace                  0x08000c79   Thumb Code     0  libspace.o(.text)
    __user_perthread_libspace                0x08000c79   Thumb Code     0  libspace.o(.text)
    __user_setup_stackheap                   0x08000c81   Thumb Code    74  sys_stackheap_outer.o(.text)
    exit                                     0x08000ccb   Thumb Code    18  exit.o(.text)
    strcmp                                   0x08000cdd   Thumb Code   128  strcmpv7m.o(.text)
    _sys_exit                                0x08000d5d   Thumb Code     8  sys_exit.o(.text)
    __I$use$semihosting                      0x08000d69   Thumb Code     0  use_no_semi.o(.text)
    __use_no_semihosting_swi                 0x08000d69   Thumb Code     2  use_no_semi.o(.text)
    __semihosting_library_function           0x08000d6b   Thumb Code     0  indicate_semi.o(.text)
    _btod_d2e                                0x08000d6b   Thumb Code    62  btod.o(CL$$btod_d2e)
    _d2e_denorm_low                          0x08000da9   Thumb Code    70  btod.o(CL$$btod_d2e_denorm_low)
    _d2e_norm_op1                            0x08000def   Thumb Code    96  btod.o(CL$$btod_d2e_norm_op1)
    __btod_div_common                        0x08000e4f   Thumb Code   696  btod.o(CL$$btod_div_common)
    _e2e                                     0x08001187   Thumb Code   220  btod.o(CL$$btod_e2e)
    _btod_ediv                               0x08001263   Thumb Code    42  btod.o(CL$$btod_ediv)
    _btod_emul                               0x0800128d   Thumb Code    42  btod.o(CL$$btod_emul)
    __btod_mult_common                       0x080012b7   Thumb Code   580  btod.o(CL$$btod_mult_common)
    BMI088_ACCEL_NS_H                        0x080014fd   Thumb Code    14  bmi088middleware.o(i.BMI088_ACCEL_NS_H)
    BMI088_ACCEL_NS_L                        0x08001511   Thumb Code    14  bmi088middleware.o(i.BMI088_ACCEL_NS_L)
    BMI088_GYRO_NS_H                         0x08001525   Thumb Code    14  bmi088middleware.o(i.BMI088_GYRO_NS_H)
    BMI088_GYRO_NS_L                         0x08001539   Thumb Code    14  bmi088middleware.o(i.BMI088_GYRO_NS_L)
    BMI088_GetData                           0x0800154d   Thumb Code  1162  bmi088.o(i.BMI088_GetData)
    BMI088_read                              0x080019d9   Thumb Code   372  bmi088driver.o(i.BMI088_read)
    BMI088_read_write_byte                   0x08001b7d   Thumb Code    28  bmi088middleware.o(i.BMI088_read_write_byte)
    BusFault_Handler                         0x08001b9d   Thumb Code     4  stm32f4xx_it.o(i.BusFault_Handler)
    Buzzer_Init                              0x08001ba1   Thumb Code    12  buzzer.o(i.Buzzer_Init)
    CAN1_M2006_DataProcess                   0x08001bb1   Thumb Code   970  motor.o(i.CAN1_M2006_DataProcess)
    CAN1_M3508_DataProcess                   0x08001f95   Thumb Code   998  motor.o(i.CAN1_M3508_DataProcess)
    CAN1_M6020_DataProcess                   0x08002395   Thumb Code   510  motor.o(i.CAN1_M6020_DataProcess)
    CAN1_RX0_IRQHandler                      0x080025a9   Thumb Code    10  stm32f4xx_it.o(i.CAN1_RX0_IRQHandler)
    CAN1_RX1_IRQHandler                      0x080025b9   Thumb Code    10  stm32f4xx_it.o(i.CAN1_RX1_IRQHandler)
    CAN2_M6020_DataProcess                   0x080025c9   Thumb Code   510  motor.o(i.CAN2_M6020_DataProcess)
    CAN2_RX0_IRQHandler                      0x080027dd   Thumb Code    10  stm32f4xx_it.o(i.CAN2_RX0_IRQHandler)
    CAN2_RX1_IRQHandler                      0x080027ed   Thumb Code    10  stm32f4xx_it.o(i.CAN2_RX1_IRQHandler)
    CToC_AngleProcess                        0x080027fd   Thumb Code   124  gimbal_ctoc.o(i.CToC_AngleProcess)
    CToC_MasterSendData                      0x0800287d   Thumb Code    98  remote.o(i.CToC_MasterSendData)
    Can_Filter_Init                          0x080028e1   Thumb Code    80  bsp_can.o(i.Can_Filter_Init)
    DMA1_Stream1_IRQHandler                  0x08002939   Thumb Code    10  stm32f4xx_it.o(i.DMA1_Stream1_IRQHandler)
    DMA2_Stream2_IRQHandler                  0x08002949   Thumb Code    10  stm32f4xx_it.o(i.DMA2_Stream2_IRQHandler)
    DMA2_Stream3_IRQHandler                  0x08002959   Thumb Code    10  stm32f4xx_it.o(i.DMA2_Stream3_IRQHandler)
    DMA2_Stream7_IRQHandler                  0x08002969   Thumb Code    10  stm32f4xx_it.o(i.DMA2_Stream7_IRQHandler)
    Dbus_Dma_Init                            0x08002a65   Thumb Code   142  bsp_usart.o(i.Dbus_Dma_Init)
    DebugMon_Handler                         0x08002b01   Thumb Code     2  stm32f4xx_it.o(i.DebugMon_Handler)
    EXTI3_IRQHandler                         0x08002b03   Thumb Code    10  stm32f4xx_it.o(i.EXTI3_IRQHandler)
    EXTI4_IRQHandler                         0x08002b0d   Thumb Code    10  stm32f4xx_it.o(i.EXTI4_IRQHandler)
    EXTI9_5_IRQHandler                       0x08002b17   Thumb Code    10  stm32f4xx_it.o(i.EXTI9_5_IRQHandler)
    Error_Handler                            0x08002b21   Thumb Code     2  main.o(i.Error_Handler)
    Gimbal_Pitch_Init                        0x08002b25   Thumb Code   102  gimbal_pitch.o(i.Gimbal_Pitch_Init)
    Gimbal_PoseCalc                          0x08002bb1   Thumb Code   236  gimbal_posecalc.o(i.Gimbal_PoseCalc)
    Gimbal_Shoot_Init                        0x08002cc1   Thumb Code   116  gimbal_shoot.o(i.Gimbal_Shoot_Init)
    Gimbal_Trigger_Init                      0x08002d49   Thumb Code    60  gimbal_trigger.o(i.Gimbal_Trigger_Init)
    Gimbal_Warning_Remote                    0x08002d95   Thumb Code    44  gimbal_warning.o(i.Gimbal_Warning_Remote)
    Gimbal_YawBig_Init                       0x08002dc9   Thumb Code   116  gimbal_yaw_big.o(i.Gimbal_YawBig_Init)
    Gimbal_YawSmall_Init                     0x08002e69   Thumb Code   102  gimbal_yaw_small.o(i.Gimbal_YawSmall_Init)
    HAL_CAN_ActivateNotification             0x08002eed   Thumb Code    36  stm32f4xx_hal_can.o(i.HAL_CAN_ActivateNotification)
    HAL_CAN_AddTxMessage                     0x08002f11   Thumb Code   240  stm32f4xx_hal_can.o(i.HAL_CAN_AddTxMessage)
    HAL_CAN_ConfigFilter                     0x08003001   Thumb Code   290  stm32f4xx_hal_can.o(i.HAL_CAN_ConfigFilter)
    HAL_CAN_ErrorCallback                    0x08003129   Thumb Code     2  stm32f4xx_hal_can.o(i.HAL_CAN_ErrorCallback)
    HAL_CAN_GetRxMessage                     0x0800312b   Thumb Code   372  stm32f4xx_hal_can.o(i.HAL_CAN_GetRxMessage)
    HAL_CAN_IRQHandler                       0x0800329f   Thumb Code   564  stm32f4xx_hal_can.o(i.HAL_CAN_IRQHandler)
    HAL_CAN_Init                             0x080034d3   Thumb Code   360  stm32f4xx_hal_can.o(i.HAL_CAN_Init)
    HAL_CAN_MspInit                          0x0800363d   Thumb Code   360  can.o(i.HAL_CAN_MspInit)
    HAL_CAN_RxFifo0FullCallback              0x080037bd   Thumb Code     2  stm32f4xx_hal_can.o(i.HAL_CAN_RxFifo0FullCallback)
    HAL_CAN_RxFifo0MsgPendingCallback        0x080037c1   Thumb Code   232  main.o(i.HAL_CAN_RxFifo0MsgPendingCallback)
    HAL_CAN_RxFifo1FullCallback              0x080038b5   Thumb Code     2  stm32f4xx_hal_can.o(i.HAL_CAN_RxFifo1FullCallback)
    HAL_CAN_RxFifo1MsgPendingCallback        0x080038b7   Thumb Code     2  stm32f4xx_hal_can.o(i.HAL_CAN_RxFifo1MsgPendingCallback)
    HAL_CAN_SleepCallback                    0x080038b9   Thumb Code     2  stm32f4xx_hal_can.o(i.HAL_CAN_SleepCallback)
    HAL_CAN_Start                            0x080038bb   Thumb Code   100  stm32f4xx_hal_can.o(i.HAL_CAN_Start)
    HAL_CAN_TxMailbox0AbortCallback          0x0800391f   Thumb Code     2  stm32f4xx_hal_can.o(i.HAL_CAN_TxMailbox0AbortCallback)
    HAL_CAN_TxMailbox0CompleteCallback       0x08003921   Thumb Code     2  stm32f4xx_hal_can.o(i.HAL_CAN_TxMailbox0CompleteCallback)
    HAL_CAN_TxMailbox1AbortCallback          0x08003923   Thumb Code     2  stm32f4xx_hal_can.o(i.HAL_CAN_TxMailbox1AbortCallback)
    HAL_CAN_TxMailbox1CompleteCallback       0x08003925   Thumb Code     2  stm32f4xx_hal_can.o(i.HAL_CAN_TxMailbox1CompleteCallback)
    HAL_CAN_TxMailbox2AbortCallback          0x08003927   Thumb Code     2  stm32f4xx_hal_can.o(i.HAL_CAN_TxMailbox2AbortCallback)
    HAL_CAN_TxMailbox2CompleteCallback       0x08003929   Thumb Code     2  stm32f4xx_hal_can.o(i.HAL_CAN_TxMailbox2CompleteCallback)
    HAL_CAN_WakeUpFromRxMsgCallback          0x0800392b   Thumb Code     2  stm32f4xx_hal_can.o(i.HAL_CAN_WakeUpFromRxMsgCallback)
    HAL_DMA_Abort                            0x0800392d   Thumb Code   162  stm32f4xx_hal_dma.o(i.HAL_DMA_Abort)
    HAL_DMA_Abort_IT                         0x080039cf   Thumb Code    36  stm32f4xx_hal_dma.o(i.HAL_DMA_Abort_IT)
    HAL_DMA_IRQHandler                       0x080039f5   Thumb Code   488  stm32f4xx_hal_dma.o(i.HAL_DMA_IRQHandler)
    HAL_DMA_Init                             0x08003be1   Thumb Code   230  stm32f4xx_hal_dma.o(i.HAL_DMA_Init)
    HAL_DMA_Start_IT                         0x08003ccd   Thumb Code   112  stm32f4xx_hal_dma.o(i.HAL_DMA_Start_IT)
    HAL_Delay                                0x08003d3d   Thumb Code    34  stm32f4xx_hal.o(i.HAL_Delay)
    HAL_GPIO_EXTI_Callback                   0x08003d65   Thumb Code     2  main.o(i.HAL_GPIO_EXTI_Callback)
    HAL_GPIO_EXTI_IRQHandler                 0x08003d69   Thumb Code    18  stm32f4xx_hal_gpio.o(i.HAL_GPIO_EXTI_IRQHandler)
    HAL_GPIO_Init                            0x08003d81   Thumb Code   538  stm32f4xx_hal_gpio.o(i.HAL_GPIO_Init)
    HAL_GPIO_WritePin                        0x08003fad   Thumb Code    14  stm32f4xx_hal_gpio.o(i.HAL_GPIO_WritePin)
    HAL_GetTick                              0x08003fbd   Thumb Code     6  stm32f4xx_hal.o(i.HAL_GetTick)
    HAL_I2C_Init                             0x08003fc9   Thumb Code   410  stm32f4xx_hal_i2c.o(i.HAL_I2C_Init)
    HAL_I2C_Mem_Read                         0x08004175   Thumb Code   710  stm32f4xx_hal_i2c.o(i.HAL_I2C_Mem_Read)
    HAL_I2C_Mem_Write                        0x08004449   Thumb Code   362  stm32f4xx_hal_i2c.o(i.HAL_I2C_Mem_Write)
    HAL_I2C_MspInit                          0x080045bd   Thumb Code   182  i2c.o(i.HAL_I2C_MspInit)
    HAL_IWDG_Refresh                         0x08004685   Thumb Code    12  stm32f4xx_hal_iwdg.o(i.HAL_IWDG_Refresh)
    HAL_IncTick                              0x08004691   Thumb Code    12  stm32f4xx_hal.o(i.HAL_IncTick)
    HAL_Init                                 0x080046a1   Thumb Code    48  stm32f4xx_hal.o(i.HAL_Init)
    HAL_InitTick                             0x080046d5   Thumb Code    58  stm32f4xx_hal.o(i.HAL_InitTick)
    HAL_MspInit                              0x08004719   Thumb Code    74  stm32f4xx_hal_msp.o(i.HAL_MspInit)
    HAL_NVIC_EnableIRQ                       0x08004769   Thumb Code    28  stm32f4xx_hal_cortex.o(i.HAL_NVIC_EnableIRQ)
    HAL_NVIC_SetPriority                     0x08004785   Thumb Code    98  stm32f4xx_hal_cortex.o(i.HAL_NVIC_SetPriority)
    HAL_NVIC_SetPriorityGrouping             0x080047ed   Thumb Code    30  stm32f4xx_hal_cortex.o(i.HAL_NVIC_SetPriorityGrouping)
    HAL_RCC_ClockConfig                      0x08004811   Thumb Code   354  stm32f4xx_hal_rcc.o(i.HAL_RCC_ClockConfig)
    HAL_RCC_GetHCLKFreq                      0x0800498d   Thumb Code     6  stm32f4xx_hal_rcc.o(i.HAL_RCC_GetHCLKFreq)
    HAL_RCC_GetPCLK1Freq                     0x08004999   Thumb Code    22  stm32f4xx_hal_rcc.o(i.HAL_RCC_GetPCLK1Freq)
    HAL_RCC_GetPCLK2Freq                     0x080049b9   Thumb Code    22  stm32f4xx_hal_rcc.o(i.HAL_RCC_GetPCLK2Freq)
    HAL_RCC_GetSysClockFreq                  0x080049d9   Thumb Code    94  stm32f4xx_hal_rcc.o(i.HAL_RCC_GetSysClockFreq)
    HAL_RCC_OscConfig                        0x08004a49   Thumb Code  1154  stm32f4xx_hal_rcc.o(i.HAL_RCC_OscConfig)
    HAL_SPI_Init                             0x08004ecb   Thumb Code   190  stm32f4xx_hal_spi.o(i.HAL_SPI_Init)
    HAL_SPI_MspInit                          0x08004f89   Thumb Code   316  spi.o(i.HAL_SPI_MspInit)
    HAL_SPI_TransmitReceive                  0x080050e1   Thumb Code   536  stm32f4xx_hal_spi.o(i.HAL_SPI_TransmitReceive)
    HAL_SYSTICK_Config                       0x080052f9   Thumb Code    36  stm32f4xx_hal_cortex.o(i.HAL_SYSTICK_Config)
    HAL_TIMEx_BreakCallback                  0x08005321   Thumb Code     2  stm32f4xx_hal_tim_ex.o(i.HAL_TIMEx_BreakCallback)
    HAL_TIMEx_CommutCallback                 0x08005323   Thumb Code     2  stm32f4xx_hal_tim_ex.o(i.HAL_TIMEx_CommutCallback)
    HAL_TIMEx_MasterConfigSynchronization    0x08005325   Thumb Code   154  stm32f4xx_hal_tim_ex.o(i.HAL_TIMEx_MasterConfigSynchronization)
    HAL_TIM_Base_Init                        0x080053bf   Thumb Code    92  stm32f4xx_hal_tim.o(i.HAL_TIM_Base_Init)
    HAL_TIM_Base_MspInit                     0x0800541d   Thumb Code   188  tim.o(i.HAL_TIM_Base_MspInit)
    HAL_TIM_Base_Start_IT                    0x080054ed   Thumb Code   138  stm32f4xx_hal_tim.o(i.HAL_TIM_Base_Start_IT)
    HAL_TIM_ConfigClockSource                0x08005577   Thumb Code   234  stm32f4xx_hal_tim.o(i.HAL_TIM_ConfigClockSource)
    HAL_TIM_IC_CaptureCallback               0x08005661   Thumb Code     2  stm32f4xx_hal_tim.o(i.HAL_TIM_IC_CaptureCallback)
    HAL_TIM_IRQHandler                       0x08005663   Thumb Code   348  stm32f4xx_hal_tim.o(i.HAL_TIM_IRQHandler)
    HAL_TIM_MspPostInit                      0x080057c1   Thumb Code   228  tim.o(i.HAL_TIM_MspPostInit)
    HAL_TIM_OC_DelayElapsedCallback          0x080058c1   Thumb Code     2  stm32f4xx_hal_tim.o(i.HAL_TIM_OC_DelayElapsedCallback)
    HAL_TIM_PWM_ConfigChannel                0x080058c3   Thumb Code   216  stm32f4xx_hal_tim.o(i.HAL_TIM_PWM_ConfigChannel)
    HAL_TIM_PWM_Init                         0x0800599b   Thumb Code    92  stm32f4xx_hal_tim.o(i.HAL_TIM_PWM_Init)
    HAL_TIM_PWM_MspInit                      0x080059f7   Thumb Code     2  stm32f4xx_hal_tim.o(i.HAL_TIM_PWM_MspInit)
    HAL_TIM_PWM_PulseFinishedCallback        0x080059f9   Thumb Code     2  stm32f4xx_hal_tim.o(i.HAL_TIM_PWM_PulseFinishedCallback)
    HAL_TIM_PWM_Start                        0x080059fd   Thumb Code   210  stm32f4xx_hal_tim.o(i.HAL_TIM_PWM_Start)
    HAL_TIM_PeriodElapsedCallback            0x08005ad9   Thumb Code     2  stm32f4xx_hal_tim.o(i.HAL_TIM_PeriodElapsedCallback)
    HAL_TIM_TriggerCallback                  0x08005adb   Thumb Code     2  stm32f4xx_hal_tim.o(i.HAL_TIM_TriggerCallback)
    HAL_UARTEx_RxEventCallback               0x08005add   Thumb Code     2  stm32f4xx_hal_uart.o(i.HAL_UARTEx_RxEventCallback)
    HAL_UART_ErrorCallback                   0x08005adf   Thumb Code     2  stm32f4xx_hal_uart.o(i.HAL_UART_ErrorCallback)
    HAL_UART_IRQHandler                      0x08005ae1   Thumb Code   636  stm32f4xx_hal_uart.o(i.HAL_UART_IRQHandler)
    HAL_UART_Init                            0x08005d61   Thumb Code   102  stm32f4xx_hal_uart.o(i.HAL_UART_Init)
    HAL_UART_MspInit                         0x08005dc9   Thumb Code   586  usart.o(i.HAL_UART_MspInit)
    HAL_UART_Receive_DMA                     0x08006045   Thumb Code    28  stm32f4xx_hal_uart.o(i.HAL_UART_Receive_DMA)
    HAL_UART_Receive_IT                      0x08006061   Thumb Code    28  stm32f4xx_hal_uart.o(i.HAL_UART_Receive_IT)
    HAL_UART_RxCpltCallback                  0x0800607d   Thumb Code    48  main.o(i.HAL_UART_RxCpltCallback)
    HAL_UART_RxHalfCpltCallback              0x080060b9   Thumb Code     2  stm32f4xx_hal_uart.o(i.HAL_UART_RxHalfCpltCallback)
    HAL_UART_Transmit                        0x080060bb   Thumb Code   184  stm32f4xx_hal_uart.o(i.HAL_UART_Transmit)
    HAL_UART_TxCpltCallback                  0x08006173   Thumb Code     2  stm32f4xx_hal_uart.o(i.HAL_UART_TxCpltCallback)
    HardFault_Handler                        0x08006175   Thumb Code     4  stm32f4xx_it.o(i.HardFault_Handler)
    LED_Init                                 0x080066f9   Thumb Code    28  led.o(i.LED_Init)
    LED_R_Off                                0x08006719   Thumb Code    10  led.o(i.LED_R_Off)
    LED_R_On                                 0x08006729   Thumb Code    12  led.o(i.LED_R_On)
    LED_R_Toggle                             0x08006739   Thumb Code    22  led.o(i.LED_R_Toggle)
    MX_CAN1_Init                             0x08006755   Thumb Code    58  can.o(i.MX_CAN1_Init)
    MX_CAN2_Init                             0x08006799   Thumb Code    58  can.o(i.MX_CAN2_Init)
    MX_DMA_Init                              0x080067dd   Thumb Code   130  dma.o(i.MX_DMA_Init)
    MX_GPIO_Init                             0x08006865   Thumb Code   412  gpio.o(i.MX_GPIO_Init)
    MX_I2C3_Init                             0x08006a15   Thumb Code    48  i2c.o(i.MX_I2C3_Init)
    MX_SPI1_Init                             0x08006a51   Thumb Code    62  spi.o(i.MX_SPI1_Init)
    MX_TIM10_Init                            0x08006a99   Thumb Code   100  tim.o(i.MX_TIM10_Init)
    MX_TIM4_Init                             0x08006b05   Thumb Code   154  tim.o(i.MX_TIM4_Init)
    MX_TIM5_Init                             0x08006ba9   Thumb Code   186  tim.o(i.MX_TIM5_Init)
    MX_TIM6_Init                             0x08006c6d   Thumb Code    68  tim.o(i.MX_TIM6_Init)
    MX_USART1_UART_Init                      0x08006cb9   Thumb Code    46  usart.o(i.MX_USART1_UART_Init)
    MX_USART3_UART_Init                      0x08006cf1   Thumb Code    48  usart.o(i.MX_USART3_UART_Init)
    MX_USART6_UART_Init                      0x08006d2d   Thumb Code    46  usart.o(i.MX_USART6_UART_Init)
    MemManage_Handler                        0x08006d65   Thumb Code     4  stm32f4xx_it.o(i.MemManage_Handler)
    NMI_Handler                              0x08006d69   Thumb Code     2  stm32f4xx_it.o(i.NMI_Handler)
    PID_PositionSetEkRange                   0x08006d6b   Thumb Code    10  pid.o(i.PID_PositionSetEkRange)
    PID_PositionSetOUTRange                  0x08006d75   Thumb Code    10  pid.o(i.PID_PositionSetOUTRange)
    PID_PositionSetParameter                 0x08006d7f   Thumb Code    14  pid.o(i.PID_PositionSetParameter)
    PID_PositionStructureInit                0x08006d8d   Thumb Code   150  pid.o(i.PID_PositionStructureInit)
    PendSV_Handler                           0x08006e31   Thumb Code     2  stm32f4xx_it.o(i.PendSV_Handler)
    RefereeSystem_VerifyCRC8CheckSum         0x08006e35   Thumb Code    28  stm32f4xx_it.o(i.RefereeSystem_VerifyCRC8CheckSum)
    Remote_Init                              0x08006e55   Thumb Code    24  remote.o(i.Remote_Init)
    Remote_UART_IDLE_Callback                0x08006e75   Thumb Code   264  remote.o(i.Remote_UART_IDLE_Callback)
    SVC_Handler                              0x080070f5   Thumb Code     2  stm32f4xx_it.o(i.SVC_Handler)
    SysTick_Handler                          0x080070f7   Thumb Code     8  stm32f4xx_it.o(i.SysTick_Handler)
    SystemClock_Config                       0x08007101   Thumb Code   176  main.o(i.SystemClock_Config)
    SystemInit                               0x080071b9   Thumb Code    82  system_stm32f4xx.o(i.SystemInit)
    TIM6_DAC_IRQHandler                      0x0800721d   Thumb Code    32  stm32f4xx_it.o(i.TIM6_DAC_IRQHandler)
    TIM_Base_SetConfig                       0x08007245   Thumb Code   190  stm32f4xx_hal_tim.o(i.TIM_Base_SetConfig)
    TIM_CCxChannelCmd                        0x08007319   Thumb Code    30  stm32f4xx_hal_tim.o(i.TIM_CCxChannelCmd)
    TIM_ETR_SetConfig                        0x08007337   Thumb Code    22  stm32f4xx_hal_tim.o(i.TIM_ETR_SetConfig)
    TIM_OC2_SetConfig                        0x080073cd   Thumb Code   112  stm32f4xx_hal_tim.o(i.TIM_OC2_SetConfig)
    UART2_SendByte                           0x08007565   Thumb Code    18  bsp_usart.o(i.UART2_SendByte)
    UART2_SendFloat_Sign                     0x0800757d   Thumb Code    88  bsp_usart.o(i.UART2_SendFloat_Sign)
    UART2_SendString                         0x080075e9   Thumb Code    26  bsp_usart.o(i.UART2_SendString)
    UART_Start_Receive_DMA                   0x08007955   Thumb Code   164  stm32f4xx_hal_uart.o(i.UART_Start_Receive_DMA)
    UART_Start_Receive_IT                    0x08007a05   Thumb Code    56  stm32f4xx_hal_uart.o(i.UART_Start_Receive_IT)
    USART1_IRQHandler                        0x08007b29   Thumb Code    10  stm32f4xx_it.o(i.USART1_IRQHandler)
    USART3_IRQHandler                        0x08007b39   Thumb Code    34  stm32f4xx_it.o(i.USART3_IRQHandler)
    USART6_IRQHandler                        0x08007b65   Thumb Code   342  stm32f4xx_it.o(i.USART6_IRQHandler)
    UsageFault_Handler                       0x08007cd1   Thumb Code     4  stm32f4xx_it.o(i.UsageFault_Handler)
    __ARM_fpclassify                         0x08007cd5   Thumb Code    48  fpclassify.o(i.__ARM_fpclassify)
    __hardfp_atan                            0x08007d09   Thumb Code   622  atan.o(i.__hardfp_atan)
    __hardfp_atan2                           0x08007fe1   Thumb Code   448  atan2.o(i.__hardfp_atan2)
    __kernel_poly                            0x080081e1   Thumb Code   248  poly.o(i.__kernel_poly)
    __mathlib_dbl_infnan                     0x080082d9   Thumb Code    20  dunder.o(i.__mathlib_dbl_infnan)
    __mathlib_dbl_infnan2                    0x080082ed   Thumb Code    20  dunder.o(i.__mathlib_dbl_infnan2)
    __mathlib_dbl_underflow                  0x08008301   Thumb Code    24  dunder.o(i.__mathlib_dbl_underflow)
    _is_digit                                0x08008321   Thumb Code    14  __printf_wp.o(i._is_digit)
    atan                                     0x0800832f   Thumb Code    16  atan.o(i.atan)
    fabs                                     0x0800833f   Thumb Code    24  fabs.o(i.fabs)
    ist8310_GPIO_init                        0x08008357   Thumb Code     2  ist8310driver_middleware.o(i.ist8310_GPIO_init)
    ist8310_IIC_read_single_reg              0x08008359   Thumb Code    40  ist8310driver_middleware.o(i.ist8310_IIC_read_single_reg)
    ist8310_IIC_write_single_reg             0x08008385   Thumb Code    34  ist8310driver_middleware.o(i.ist8310_IIC_write_single_reg)
    ist8310_RST_H                            0x080083ad   Thumb Code    14  ist8310driver_middleware.o(i.ist8310_RST_H)
    ist8310_RST_L                            0x080083c1   Thumb Code    14  ist8310driver_middleware.o(i.ist8310_RST_L)
    ist8310_com_init                         0x080083d5   Thumb Code     2  ist8310driver_middleware.o(i.ist8310_com_init)
    ist8310_delay_ms                         0x080083d7   Thumb Code    12  ist8310driver_middleware.o(i.ist8310_delay_ms)
    ist8310_delay_us                         0x080083e3   Thumb Code    74  ist8310driver_middleware.o(i.ist8310_delay_us)
    ist8310_init                             0x0800842d   Thumb Code   136  ist8310driver.o(i.ist8310_init)
    main                                     0x080084b9   Thumb Code   284  main.o(i.main)
    remote_GetControlPoint                   0x08008601   Thumb Code     4  remote.o(i.remote_GetControlPoint)
    _get_lc_numeric                          0x080086e5   Thumb Code    44  lc_numeric_c.o(locale$$code)
    __aeabi_dneg                             0x08008711   Thumb Code     0  basic.o(x$fpl$basic)
    _dneg                                    0x08008711   Thumb Code     6  basic.o(x$fpl$basic)
    __aeabi_fneg                             0x08008717   Thumb Code     0  basic.o(x$fpl$basic)
    _fneg                                    0x08008717   Thumb Code     6  basic.o(x$fpl$basic)
    _dabs                                    0x0800871d   Thumb Code     6  basic.o(x$fpl$basic)
    _fabs                                    0x08008723   Thumb Code     6  basic.o(x$fpl$basic)
    __aeabi_d2f                              0x08008729   Thumb Code     0  d2f.o(x$fpl$d2f)
    _d2f                                     0x08008729   Thumb Code    98  d2f.o(x$fpl$d2f)
    __aeabi_dadd                             0x0800878d   Thumb Code     0  daddsub_clz.o(x$fpl$dadd)
    _dadd                                    0x0800878d   Thumb Code   332  daddsub_clz.o(x$fpl$dadd)
    __fpl_dcmp_Inf                           0x080088dd   Thumb Code    24  dcmpi.o(x$fpl$dcmpinf)
    __aeabi_ddiv                             0x080088f5   Thumb Code     0  ddiv.o(x$fpl$ddiv)
    _ddiv                                    0x080088f5   Thumb Code   552  ddiv.o(x$fpl$ddiv)
    __aeabi_cdcmpeq                          0x08008ba5   Thumb Code     0  deqf.o(x$fpl$deqf)
    _dcmpeq                                  0x08008ba5   Thumb Code   120  deqf.o(x$fpl$deqf)
    __aeabi_dmul                             0x08008c1d   Thumb Code     0  dmul.o(x$fpl$dmul)
    _dmul                                    0x08008c1d   Thumb Code   332  dmul.o(x$fpl$dmul)
    __fpl_dnaninf                            0x08008d71   Thumb Code   156  dnaninf.o(x$fpl$dnaninf)
    __fpl_dretinf                            0x08008e0d   Thumb Code    12  dretinf.o(x$fpl$dretinf)
    __aeabi_drsub                            0x08008e19   Thumb Code     0  daddsub_clz.o(x$fpl$drsb)
    _drsb                                    0x08008e19   Thumb Code    22  daddsub_clz.o(x$fpl$drsb)
    __aeabi_dsub                             0x08008e31   Thumb Code     0  daddsub_clz.o(x$fpl$dsub)
    _dsub                                    0x08008e31   Thumb Code   464  daddsub_clz.o(x$fpl$dsub)
    __aeabi_f2d                              0x08009005   Thumb Code     0  f2d.o(x$fpl$f2d)
    _f2d                                     0x08009005   Thumb Code    86  f2d.o(x$fpl$f2d)
    __aeabi_ul2f                             0x0800905b   Thumb Code     0  ffltll_clz.o(x$fpl$ffltll)
    _ll_uto_f                                0x0800905b   Thumb Code     6  ffltll_clz.o(x$fpl$ffltll)
    __aeabi_l2f                              0x08009061   Thumb Code     0  ffltll_clz.o(x$fpl$ffltll)
    _ll_sto_f                                0x08009061   Thumb Code    90  ffltll_clz.o(x$fpl$ffltll)
    __fpl_fnaninf                            0x080090bb   Thumb Code   140  fnaninf.o(x$fpl$fnaninf)
    _fp_init                                 0x08009147   Thumb Code    10  fpinit.o(x$fpl$fpinit)
    __fplib_config_fpu_vfp                   0x0800914f   Thumb Code     0  fpinit.o(x$fpl$fpinit)
    __fplib_config_pureend_doubles           0x0800914f   Thumb Code     0  fpinit.o(x$fpl$fpinit)
    __fpl_fretinf                            0x08009151   Thumb Code    10  fretinf.o(x$fpl$fretinf)
    __aeabi_f2lz                             0x0800915d   Thumb Code     0  ffixll.o(x$fpl$llsfromf)
    _ll_sfrom_f                              0x0800915d   Thumb Code   134  ffixll.o(x$fpl$llsfromf)
    _printf_fp_dec                           0x080091e3   Thumb Code     4  printf1.o(x$fpl$printf1)
    __I$use$fp                               0x080091e6   Number         0  usenofp.o(x$fpl$usenofp)
    crc8_table                               0x080091e6   Data         256  stm32f4xx_it.o(.constdata)
    AHBPrescTable                            0x080092e6   Data          16  system_stm32f4xx.o(.constdata)
    APBPrescTable                            0x080092f6   Data           8  system_stm32f4xx.o(.constdata)
    __mathlib_zero                           0x080093b0   Data           8  qnan.o(.constdata)
    Region$$Table$$Base                      0x0800944c   Number         0  anon$$obj.o(Region$$Table)
    Region$$Table$$Limit                     0x0800946c   Number         0  anon$$obj.o(Region$$Table)
    uart6_rx_buf                             0x20000000   Data           1  main.o(.data)
    uart6_rx_flag                            0x20000001   Data           1  main.o(.data)
    rx_byte                                  0x20000002   Data           1  main.o(.data)
    SystemCoreClock                          0x20000018   Data           4  system_stm32f4xx.o(.data)
    uwTickFreq                               0x2000001c   Data           1  stm32f4xx_hal.o(.data)
    uwTickPrio                               0x20000020   Data           4  stm32f4xx_hal.o(.data)
    uwTick                                   0x20000024   Data           4  stm32f4xx_hal.o(.data)
    gyro_needvalue                           0x20000028   Data           4  gimbal_yaw_small.o(.data)
    music                                    0x2000002c   Data         524  gimbal_warning.o(.data)
    local_rc_ctrl                            0x20000254   Data           4  remote.o(.data)
    BMI088_ACCEL_SEN                         0x200002a0   Data           4  bmi088driver.o(.data)
    BMI088_GYRO_SEN                          0x200002a4   Data           4  bmi088driver.o(.data)
    hcan1                                    0x200002cc   Data          40  can.o(.bss)
    hcan2                                    0x200002f4   Data          40  can.o(.bss)
    hi2c3                                    0x2000031c   Data          84  i2c.o(.bss)
    hiwdg                                    0x20000370   Data          12  iwdg.o(.bss)
    hspi1                                    0x2000037c   Data          88  spi.o(.bss)
    hdma_spi1_tx                             0x200003d4   Data          96  spi.o(.bss)
    hdma_spi1_rx                             0x20000434   Data          96  spi.o(.bss)
    htim4                                    0x20000494   Data          72  tim.o(.bss)
    htim5                                    0x200004dc   Data          72  tim.o(.bss)
    htim6                                    0x20000524   Data          72  tim.o(.bss)
    htim10                                   0x2000056c   Data          72  tim.o(.bss)
    huart1                                   0x200005b4   Data          72  usart.o(.bss)
    huart3                                   0x200005fc   Data          72  usart.o(.bss)
    hdma_usart1_tx                           0x20000644   Data          96  usart.o(.bss)
    hdma_usart3_rx                           0x200006a4   Data          96  usart.o(.bss)
    huart6                                   0x20000704   Data          72  usart.o(.bss)
    NewRxBuffer                              0x2000074c   Data          15  stm32f4xx_it.o(.bss)
    NewRxData                                0x2000075c   Data          12  stm32f4xx_it.o(.bss)
    Pitch_PositionPID                        0x20000768   Data          76  gimbal_pitch.o(.bss)
    Pitch_SpeedPID                           0x200007b4   Data          76  gimbal_pitch.o(.bss)
    SmallYaw_GyroscopePID                    0x20000800   Data          76  gimbal_yaw_small.o(.bss)
    SmallYaw_PositionPID                     0x2000084c   Data          76  gimbal_yaw_small.o(.bss)
    SmallYaw_SpeedPID                        0x20000898   Data          76  gimbal_yaw_small.o(.bss)
    ShootLeft_SpeedPID                       0x200008e4   Data          76  gimbal_shoot.o(.bss)
    ShootRight_SpeedPID                      0x20000930   Data          76  gimbal_shoot.o(.bss)
    Trigger_SpeedPID                         0x2000097c   Data          76  gimbal_trigger.o(.bss)
    Trigger_PositionPID                      0x200009c8   Data          76  gimbal_trigger.o(.bss)
    BigYaw_PositionPID                       0x20000a14   Data          76  gimbal_yaw_big.o(.bss)
    BigYaw_SpeedPID                          0x20000a60   Data          76  gimbal_yaw_big.o(.bss)
    BMI088_Data                              0x20000aac   Data          52  gimbal_posecalc.o(.bss)
    Can_BMI088_Data                          0x20000ae0   Data          52  gimbal_posecalc.o(.bss)
    BigYaw_BMI088_Data                       0x20000b14   Data          52  gimbal_posecalc.o(.bss)
    SmallYaw_BMI088_Data                     0x20000b48   Data          52  gimbal_posecalc.o(.bss)
    Can1_M3508_MotorStatus                   0x20000b80   Data         640  motor.o(.bss)
    Can2_M3508_MotorStatus                   0x20000e00   Data         640  motor.o(.bss)
    Can1_M6020_MotorStatus                   0x20001080   Data         224  motor.o(.bss)
    Can2_M6020_MotorStatus                   0x20001160   Data         224  motor.o(.bss)
    Can1_M2006_MotorStatus                   0x20001240   Data         576  motor.o(.bss)
    Can2_M2006_MotorStatus                   0x20001480   Data         576  motor.o(.bss)
    rc_ctrl                                  0x20001708   Data          22  remote.o(.bss)
    __libspace_start                         0x20001720   Data          96  libspace.o(.bss)
    __temporary_stack_top$libspace           0x20001780   Data           0  libspace.o(.bss)



==============================================================================

Memory Map of the image

  Image Entry point : 0x08000189

  Load Region LR_IROM1 (Base: 0x08000000, Size: 0x00009754, Max: 0x00100000, ABSOLUTE, COMPRESSED[0x00009550])

    Execution Region ER_IROM1 (Exec base: 0x08000000, Load base: 0x08000000, Size: 0x00009488, Max: 0x00100000, ABSOLUTE)

    Exec Addr    Load Addr    Size         Type   Attr      Idx    E Section Name        Object

    0x08000000   0x08000000   0x00000188   Data   RO            3    RESET               startup_stm32f407xx.o
    0x08000188   0x08000188   0x00000008   Code   RO         5643  * !!!main             c_w.l(__main.o)
    0x08000190   0x08000190   0x00000034   Code   RO         5985    !!!scatter          c_w.l(__scatter.o)
    0x080001c4   0x080001c4   0x0000005a   Code   RO         5983    !!dczerorl2         c_w.l(__dczerorl2.o)
    0x0800021e   0x0800021e   0x00000002   PAD
    0x08000220   0x08000220   0x0000001c   Code   RO         5987    !!handler_zi        c_w.l(__scatter_zi.o)
    0x0800023c   0x0800023c   0x00000000   Code   RO         5636    .ARM.Collect$$_printf_percent$$00000000  c_w.l(_printf_percent.o)
    0x0800023c   0x0800023c   0x00000006   Code   RO         5635    .ARM.Collect$$_printf_percent$$00000003  c_w.l(_printf_f.o)
    0x08000242   0x08000242   0x00000004   Code   RO         5722    .ARM.Collect$$_printf_percent$$00000017  c_w.l(_printf_percent_end.o)
    0x08000246   0x08000246   0x00000002   Code   RO         5854    .ARM.Collect$$libinit$$00000000  c_w.l(libinit.o)
    0x08000248   0x08000248   0x00000004   Code   RO         5855    .ARM.Collect$$libinit$$00000001  c_w.l(libinit2.o)
    0x0800024c   0x0800024c   0x00000000   Code   RO         5858    .ARM.Collect$$libinit$$00000004  c_w.l(libinit2.o)
    0x0800024c   0x0800024c   0x00000000   Code   RO         5861    .ARM.Collect$$libinit$$0000000A  c_w.l(libinit2.o)
    0x0800024c   0x0800024c   0x00000000   Code   RO         5863    .ARM.Collect$$libinit$$0000000C  c_w.l(libinit2.o)
    0x0800024c   0x0800024c   0x00000000   Code   RO         5865    .ARM.Collect$$libinit$$0000000E  c_w.l(libinit2.o)
    0x0800024c   0x0800024c   0x00000006   Code   RO         5866    .ARM.Collect$$libinit$$0000000F  c_w.l(libinit2.o)
    0x08000252   0x08000252   0x00000000   Code   RO         5868    .ARM.Collect$$libinit$$00000011  c_w.l(libinit2.o)
    0x08000252   0x08000252   0x00000000   Code   RO         5870    .ARM.Collect$$libinit$$00000013  c_w.l(libinit2.o)
    0x08000252   0x08000252   0x00000000   Code   RO         5872    .ARM.Collect$$libinit$$00000015  c_w.l(libinit2.o)
    0x08000252   0x08000252   0x0000000a   Code   RO         5873    .ARM.Collect$$libinit$$00000016  c_w.l(libinit2.o)
    0x0800025c   0x0800025c   0x00000000   Code   RO         5874    .ARM.Collect$$libinit$$00000017  c_w.l(libinit2.o)
    0x0800025c   0x0800025c   0x00000000   Code   RO         5876    .ARM.Collect$$libinit$$00000019  c_w.l(libinit2.o)
    0x0800025c   0x0800025c   0x00000000   Code   RO         5878    .ARM.Collect$$libinit$$0000001B  c_w.l(libinit2.o)
    0x0800025c   0x0800025c   0x00000000   Code   RO         5880    .ARM.Collect$$libinit$$0000001D  c_w.l(libinit2.o)
    0x0800025c   0x0800025c   0x00000000   Code   RO         5882    .ARM.Collect$$libinit$$0000001F  c_w.l(libinit2.o)
    0x0800025c   0x0800025c   0x00000000   Code   RO         5884    .ARM.Collect$$libinit$$00000021  c_w.l(libinit2.o)
    0x0800025c   0x0800025c   0x00000000   Code   RO         5886    .ARM.Collect$$libinit$$00000023  c_w.l(libinit2.o)
    0x0800025c   0x0800025c   0x00000000   Code   RO         5888    .ARM.Collect$$libinit$$00000025  c_w.l(libinit2.o)
    0x0800025c   0x0800025c   0x00000000   Code   RO         5892    .ARM.Collect$$libinit$$0000002C  c_w.l(libinit2.o)
    0x0800025c   0x0800025c   0x00000000   Code   RO         5894    .ARM.Collect$$libinit$$0000002E  c_w.l(libinit2.o)
    0x0800025c   0x0800025c   0x00000000   Code   RO         5896    .ARM.Collect$$libinit$$00000030  c_w.l(libinit2.o)
    0x0800025c   0x0800025c   0x00000000   Code   RO         5898    .ARM.Collect$$libinit$$00000032  c_w.l(libinit2.o)
    0x0800025c   0x0800025c   0x00000002   Code   RO         5899    .ARM.Collect$$libinit$$00000033  c_w.l(libinit2.o)
    0x0800025e   0x0800025e   0x00000002   Code   RO         5946    .ARM.Collect$$libshutdown$$00000000  c_w.l(libshutdown.o)
    0x08000260   0x08000260   0x00000000   Code   RO         5964    .ARM.Collect$$libshutdown$$00000002  c_w.l(libshutdown2.o)
    0x08000260   0x08000260   0x00000000   Code   RO         5966    .ARM.Collect$$libshutdown$$00000004  c_w.l(libshutdown2.o)
    0x08000260   0x08000260   0x00000000   Code   RO         5968    .ARM.Collect$$libshutdown$$00000006  c_w.l(libshutdown2.o)
    0x08000260   0x08000260   0x00000000   Code   RO         5971    .ARM.Collect$$libshutdown$$00000009  c_w.l(libshutdown2.o)
    0x08000260   0x08000260   0x00000000   Code   RO         5974    .ARM.Collect$$libshutdown$$0000000C  c_w.l(libshutdown2.o)
    0x08000260   0x08000260   0x00000000   Code   RO         5976    .ARM.Collect$$libshutdown$$0000000E  c_w.l(libshutdown2.o)
    0x08000260   0x08000260   0x00000000   Code   RO         5979    .ARM.Collect$$libshutdown$$00000011  c_w.l(libshutdown2.o)
    0x08000260   0x08000260   0x00000002   Code   RO         5980    .ARM.Collect$$libshutdown$$00000012  c_w.l(libshutdown2.o)
    0x08000262   0x08000262   0x00000000   Code   RO         5707    .ARM.Collect$$rtentry$$00000000  c_w.l(__rtentry.o)
    0x08000262   0x08000262   0x00000000   Code   RO         5770    .ARM.Collect$$rtentry$$00000002  c_w.l(__rtentry2.o)
    0x08000262   0x08000262   0x00000006   Code   RO         5782    .ARM.Collect$$rtentry$$00000004  c_w.l(__rtentry4.o)
    0x08000268   0x08000268   0x00000000   Code   RO         5772    .ARM.Collect$$rtentry$$00000009  c_w.l(__rtentry2.o)
    0x08000268   0x08000268   0x00000004   Code   RO         5773    .ARM.Collect$$rtentry$$0000000A  c_w.l(__rtentry2.o)
    0x0800026c   0x0800026c   0x00000000   Code   RO         5775    .ARM.Collect$$rtentry$$0000000C  c_w.l(__rtentry2.o)
    0x0800026c   0x0800026c   0x00000008   Code   RO         5776    .ARM.Collect$$rtentry$$0000000D  c_w.l(__rtentry2.o)
    0x08000274   0x08000274   0x00000002   Code   RO         5900    .ARM.Collect$$rtexit$$00000000  c_w.l(rtexit.o)
    0x08000276   0x08000276   0x00000000   Code   RO         5915    .ARM.Collect$$rtexit$$00000002  c_w.l(rtexit2.o)
    0x08000276   0x08000276   0x00000004   Code   RO         5916    .ARM.Collect$$rtexit$$00000003  c_w.l(rtexit2.o)
    0x0800027a   0x0800027a   0x00000006   Code   RO         5917    .ARM.Collect$$rtexit$$00000004  c_w.l(rtexit2.o)
    0x08000280   0x08000280   0x00000040   Code   RO            4    .text               startup_stm32f407xx.o
    0x080002c0   0x080002c0   0x000000ee   Code   RO         5605    .text               c_w.l(lludivv7m.o)
    0x080003ae   0x080003ae   0x00000048   Code   RO         5607    .text               c_w.l(llsdiv.o)
    0x080003f6   0x080003f6   0x00000002   PAD
    0x080003f8   0x080003f8   0x00000038   Code   RO         5609    .text               c_w.l(__2snprintf.o)
    0x08000430   0x08000430   0x0000010e   Code   RO         5623    .text               c_w.l(__printf_wp.o)
    0x0800053e   0x0800053e   0x00000064   Code   RO         5637    .text               c_w.l(rt_memcpy_w.o)
    0x080005a2   0x080005a2   0x0000004e   Code   RO         5639    .text               c_w.l(rt_memclr_w.o)
    0x080005f0   0x080005f0   0x00000006   Code   RO         5641    .text               c_w.l(heapauxi.o)
    0x080005f6   0x080005f6   0x00000016   Code   RO         5712    .text               c_w.l(_rserrno.o)
    0x0800060c   0x0800060c   0x0000041e   Code   RO         5714    .text               c_w.l(_printf_fp_dec.o)
    0x08000a2a   0x08000a2a   0x00000002   PAD
    0x08000a2c   0x08000a2c   0x00000030   Code   RO         5716    .text               c_w.l(_printf_char_common.o)
    0x08000a5c   0x08000a5c   0x0000000a   Code   RO         5718    .text               c_w.l(_sputc.o)
    0x08000a66   0x08000a66   0x00000010   Code   RO         5720    .text               c_w.l(_snputc.o)
    0x08000a76   0x08000a76   0x00000002   PAD
    0x08000a78   0x08000a78   0x00000008   Code   RO         5789    .text               c_w.l(rt_locale_intlibspace.o)
    0x08000a80   0x08000a80   0x00000008   Code   RO         5794    .text               c_w.l(rt_errno_addr_intlibspace.o)
    0x08000a88   0x08000a88   0x0000008a   Code   RO         5796    .text               c_w.l(lludiv10.o)
    0x08000b12   0x08000b12   0x00000002   PAD
    0x08000b14   0x08000b14   0x00000080   Code   RO         5798    .text               c_w.l(_printf_fp_infnan.o)
    0x08000b94   0x08000b94   0x000000e4   Code   RO         5802    .text               c_w.l(bigflt0.o)
    0x08000c78   0x08000c78   0x00000008   Code   RO         5836    .text               c_w.l(libspace.o)
    0x08000c80   0x08000c80   0x0000004a   Code   RO         5839    .text               c_w.l(sys_stackheap_outer.o)
    0x08000cca   0x08000cca   0x00000012   Code   RO         5841    .text               c_w.l(exit.o)
    0x08000cdc   0x08000cdc   0x00000080   Code   RO         5847    .text               c_w.l(strcmpv7m.o)
    0x08000d5c   0x08000d5c   0x0000000c   Code   RO         5912    .text               c_w.l(sys_exit.o)
    0x08000d68   0x08000d68   0x00000002   Code   RO         5933    .text               c_w.l(use_no_semi.o)
    0x08000d6a   0x08000d6a   0x00000000   Code   RO         5935    .text               c_w.l(indicate_semi.o)
    0x08000d6a   0x08000d6a   0x0000003e   Code   RO         5805    CL$$btod_d2e        c_w.l(btod.o)
    0x08000da8   0x08000da8   0x00000046   Code   RO         5807    CL$$btod_d2e_denorm_low  c_w.l(btod.o)
    0x08000dee   0x08000dee   0x00000060   Code   RO         5806    CL$$btod_d2e_norm_op1  c_w.l(btod.o)
    0x08000e4e   0x08000e4e   0x00000338   Code   RO         5815    CL$$btod_div_common  c_w.l(btod.o)
    0x08001186   0x08001186   0x000000dc   Code   RO         5812    CL$$btod_e2e        c_w.l(btod.o)
    0x08001262   0x08001262   0x0000002a   Code   RO         5809    CL$$btod_ediv       c_w.l(btod.o)
    0x0800128c   0x0800128c   0x0000002a   Code   RO         5808    CL$$btod_emul       c_w.l(btod.o)
    0x080012b6   0x080012b6   0x00000244   Code   RO         5814    CL$$btod_mult_common  c_w.l(btod.o)
    0x080014fa   0x080014fa   0x00000002   PAD
    0x080014fc   0x080014fc   0x00000014   Code   RO         5533    i.BMI088_ACCEL_NS_H  bmi088middleware.o
    0x08001510   0x08001510   0x00000014   Code   RO         5534    i.BMI088_ACCEL_NS_L  bmi088middleware.o
    0x08001524   0x08001524   0x00000014   Code   RO         5536    i.BMI088_GYRO_NS_H  bmi088middleware.o
    0x08001538   0x08001538   0x00000014   Code   RO         5537    i.BMI088_GYRO_NS_L  bmi088middleware.o
    0x0800154c   0x0800154c   0x0000048a   Code   RO         5171    i.BMI088_GetData    bmi088.o
    0x080019d6   0x080019d6   0x00000002   PAD
    0x080019d8   0x080019d8   0x0000017c   Code   RO         5465    i.BMI088_read       bmi088driver.o
    0x08001b54   0x08001b54   0x00000026   Code   RO         5466    i.BMI088_read_muli_reg  bmi088driver.o
    0x08001b7a   0x08001b7a   0x00000002   PAD
    0x08001b7c   0x08001b7c   0x00000020   Code   RO         5541    i.BMI088_read_write_byte  bmi088middleware.o
    0x08001b9c   0x08001b9c   0x00000004   Code   RO          607    i.BusFault_Handler  stm32f4xx_it.o
    0x08001ba0   0x08001ba0   0x00000010   Code   RO         5305    i.Buzzer_Init       buzzer.o
    0x08001bb0   0x08001bb0   0x000003e4   Code   RO         5013    i.CAN1_M2006_DataProcess  motor.o
    0x08001f94   0x08001f94   0x00000400   Code   RO         5014    i.CAN1_M3508_DataProcess  motor.o
    0x08002394   0x08002394   0x00000214   Code   RO         5015    i.CAN1_M6020_DataProcess  motor.o
    0x080025a8   0x080025a8   0x00000010   Code   RO          608    i.CAN1_RX0_IRQHandler  stm32f4xx_it.o
    0x080025b8   0x080025b8   0x00000010   Code   RO          609    i.CAN1_RX1_IRQHandler  stm32f4xx_it.o
    0x080025c8   0x080025c8   0x00000214   Code   RO         5018    i.CAN2_M6020_DataProcess  motor.o
    0x080027dc   0x080027dc   0x00000010   Code   RO          610    i.CAN2_RX0_IRQHandler  stm32f4xx_it.o
    0x080027ec   0x080027ec   0x00000010   Code   RO          611    i.CAN2_RX1_IRQHandler  stm32f4xx_it.o
    0x080027fc   0x080027fc   0x00000080   Code   RO         4780    i.CToC_AngleProcess  gimbal_ctoc.o
    0x0800287c   0x0800287c   0x00000062   Code   RO         5115    i.CToC_MasterSendData  remote.o
    0x080028de   0x080028de   0x00000002   PAD
    0x080028e0   0x080028e0   0x00000058   Code   RO         5353    i.Can_Filter_Init   bsp_can.o
    0x08002938   0x08002938   0x00000010   Code   RO          612    i.DMA1_Stream1_IRQHandler  stm32f4xx_it.o
    0x08002948   0x08002948   0x00000010   Code   RO          613    i.DMA2_Stream2_IRQHandler  stm32f4xx_it.o
    0x08002958   0x08002958   0x00000010   Code   RO          614    i.DMA2_Stream3_IRQHandler  stm32f4xx_it.o
    0x08002968   0x08002968   0x00000010   Code   RO          615    i.DMA2_Stream7_IRQHandler  stm32f4xx_it.o
    0x08002978   0x08002978   0x00000034   Code   RO         1592    i.DMA_CalcBaseAndBitshift  stm32f4xx_hal_dma.o
    0x080029ac   0x080029ac   0x0000007e   Code   RO         1593    i.DMA_CheckFifoParam  stm32f4xx_hal_dma.o
    0x08002a2a   0x08002a2a   0x00000038   Code   RO         1594    i.DMA_SetConfig     stm32f4xx_hal_dma.o
    0x08002a62   0x08002a62   0x00000002   PAD
    0x08002a64   0x08002a64   0x0000009c   Code   RO         5381    i.Dbus_Dma_Init     bsp_usart.o
    0x08002b00   0x08002b00   0x00000002   Code   RO          616    i.DebugMon_Handler  stm32f4xx_it.o
    0x08002b02   0x08002b02   0x0000000a   Code   RO          617    i.EXTI3_IRQHandler  stm32f4xx_it.o
    0x08002b0c   0x08002b0c   0x0000000a   Code   RO          618    i.EXTI4_IRQHandler  stm32f4xx_it.o
    0x08002b16   0x08002b16   0x0000000a   Code   RO          619    i.EXTI9_5_IRQHandler  stm32f4xx_it.o
    0x08002b20   0x08002b20   0x00000002   Code   RO           13    i.Error_Handler     main.o
    0x08002b22   0x08002b22   0x00000002   PAD
    0x08002b24   0x08002b24   0x0000008c   Code   RO         4483    i.Gimbal_Pitch_Init  gimbal_pitch.o
    0x08002bb0   0x08002bb0   0x00000110   Code   RO         4928    i.Gimbal_PoseCalc   gimbal_posecalc.o
    0x08002cc0   0x08002cc0   0x00000088   Code   RO         4659    i.Gimbal_Shoot_Init  gimbal_shoot.o
    0x08002d48   0x08002d48   0x0000004c   Code   RO         4697    i.Gimbal_Trigger_Init  gimbal_trigger.o
    0x08002d94   0x08002d94   0x00000034   Code   RO         4959    i.Gimbal_Warning_Remote  gimbal_warning.o
    0x08002dc8   0x08002dc8   0x000000a0   Code   RO         4734    i.Gimbal_YawBig_Init  gimbal_yaw_big.o
    0x08002e68   0x08002e68   0x00000084   Code   RO         4523    i.Gimbal_YawSmall_Init  gimbal_yaw_small.o
    0x08002eec   0x08002eec   0x00000024   Code   RO          855    i.HAL_CAN_ActivateNotification  stm32f4xx_hal_can.o
    0x08002f10   0x08002f10   0x000000f0   Code   RO          856    i.HAL_CAN_AddTxMessage  stm32f4xx_hal_can.o
    0x08003000   0x08003000   0x00000128   Code   RO          857    i.HAL_CAN_ConfigFilter  stm32f4xx_hal_can.o
    0x08003128   0x08003128   0x00000002   Code   RO          860    i.HAL_CAN_ErrorCallback  stm32f4xx_hal_can.o
    0x0800312a   0x0800312a   0x00000174   Code   RO          863    i.HAL_CAN_GetRxMessage  stm32f4xx_hal_can.o
    0x0800329e   0x0800329e   0x00000234   Code   RO          867    i.HAL_CAN_IRQHandler  stm32f4xx_hal_can.o
    0x080034d2   0x080034d2   0x00000168   Code   RO          868    i.HAL_CAN_Init      stm32f4xx_hal_can.o
    0x0800363a   0x0800363a   0x00000002   PAD
    0x0800363c   0x0800363c   0x00000180   Code   RO          301    i.HAL_CAN_MspInit   can.o
    0x080037bc   0x080037bc   0x00000002   Code   RO          875    i.HAL_CAN_RxFifo0FullCallback  stm32f4xx_hal_can.o
    0x080037be   0x080037be   0x00000002   PAD
    0x080037c0   0x080037c0   0x000000f4   Code   RO           14    i.HAL_CAN_RxFifo0MsgPendingCallback  main.o
    0x080038b4   0x080038b4   0x00000002   Code   RO          877    i.HAL_CAN_RxFifo1FullCallback  stm32f4xx_hal_can.o
    0x080038b6   0x080038b6   0x00000002   Code   RO          878    i.HAL_CAN_RxFifo1MsgPendingCallback  stm32f4xx_hal_can.o
    0x080038b8   0x080038b8   0x00000002   Code   RO          879    i.HAL_CAN_SleepCallback  stm32f4xx_hal_can.o
    0x080038ba   0x080038ba   0x00000064   Code   RO          880    i.HAL_CAN_Start     stm32f4xx_hal_can.o
    0x0800391e   0x0800391e   0x00000002   Code   RO          882    i.HAL_CAN_TxMailbox0AbortCallback  stm32f4xx_hal_can.o
    0x08003920   0x08003920   0x00000002   Code   RO          883    i.HAL_CAN_TxMailbox0CompleteCallback  stm32f4xx_hal_can.o
    0x08003922   0x08003922   0x00000002   Code   RO          884    i.HAL_CAN_TxMailbox1AbortCallback  stm32f4xx_hal_can.o
    0x08003924   0x08003924   0x00000002   Code   RO          885    i.HAL_CAN_TxMailbox1CompleteCallback  stm32f4xx_hal_can.o
    0x08003926   0x08003926   0x00000002   Code   RO          886    i.HAL_CAN_TxMailbox2AbortCallback  stm32f4xx_hal_can.o
    0x08003928   0x08003928   0x00000002   Code   RO          887    i.HAL_CAN_TxMailbox2CompleteCallback  stm32f4xx_hal_can.o
    0x0800392a   0x0800392a   0x00000002   Code   RO          889    i.HAL_CAN_WakeUpFromRxMsgCallback  stm32f4xx_hal_can.o
    0x0800392c   0x0800392c   0x000000a2   Code   RO         1595    i.HAL_DMA_Abort     stm32f4xx_hal_dma.o
    0x080039ce   0x080039ce   0x00000024   Code   RO         1596    i.HAL_DMA_Abort_IT  stm32f4xx_hal_dma.o
    0x080039f2   0x080039f2   0x00000002   PAD
    0x080039f4   0x080039f4   0x000001ec   Code   RO         1600    i.HAL_DMA_IRQHandler  stm32f4xx_hal_dma.o
    0x08003be0   0x08003be0   0x000000ec   Code   RO         1601    i.HAL_DMA_Init      stm32f4xx_hal_dma.o
    0x08003ccc   0x08003ccc   0x00000070   Code   RO         1605    i.HAL_DMA_Start_IT  stm32f4xx_hal_dma.o
    0x08003d3c   0x08003d3c   0x00000028   Code   RO         2027    i.HAL_Delay         stm32f4xx_hal.o
    0x08003d64   0x08003d64   0x00000002   Code   RO           15    i.HAL_GPIO_EXTI_Callback  main.o
    0x08003d66   0x08003d66   0x00000002   PAD
    0x08003d68   0x08003d68   0x00000018   Code   RO         1487    i.HAL_GPIO_EXTI_IRQHandler  stm32f4xx_hal_gpio.o
    0x08003d80   0x08003d80   0x0000022c   Code   RO         1488    i.HAL_GPIO_Init     stm32f4xx_hal_gpio.o
    0x08003fac   0x08003fac   0x0000000e   Code   RO         1492    i.HAL_GPIO_WritePin  stm32f4xx_hal_gpio.o
    0x08003fba   0x08003fba   0x00000002   PAD
    0x08003fbc   0x08003fbc   0x0000000c   Code   RO         2033    i.HAL_GetTick       stm32f4xx_hal.o
    0x08003fc8   0x08003fc8   0x000001ac   Code   RO         2289    i.HAL_I2C_Init      stm32f4xx_hal_i2c.o
    0x08004174   0x08004174   0x000002d4   Code   RO         2307    i.HAL_I2C_Mem_Read  stm32f4xx_hal_i2c.o
    0x08004448   0x08004448   0x00000174   Code   RO         2310    i.HAL_I2C_Mem_Write  stm32f4xx_hal_i2c.o
    0x080045bc   0x080045bc   0x000000c8   Code   RO          374    i.HAL_I2C_MspInit   i2c.o
    0x08004684   0x08004684   0x0000000c   Code   RO         2774    i.HAL_IWDG_Refresh  stm32f4xx_hal_iwdg.o
    0x08004690   0x08004690   0x00000010   Code   RO         2039    i.HAL_IncTick       stm32f4xx_hal.o
    0x080046a0   0x080046a0   0x00000034   Code   RO         2040    i.HAL_Init          stm32f4xx_hal.o
    0x080046d4   0x080046d4   0x00000044   Code   RO         2041    i.HAL_InitTick      stm32f4xx_hal.o
    0x08004718   0x08004718   0x00000050   Code   RO          793    i.HAL_MspInit       stm32f4xx_hal_msp.o
    0x08004768   0x08004768   0x0000001c   Code   RO         1880    i.HAL_NVIC_EnableIRQ  stm32f4xx_hal_cortex.o
    0x08004784   0x08004784   0x00000068   Code   RO         1886    i.HAL_NVIC_SetPriority  stm32f4xx_hal_cortex.o
    0x080047ec   0x080047ec   0x00000024   Code   RO         1887    i.HAL_NVIC_SetPriorityGrouping  stm32f4xx_hal_cortex.o
    0x08004810   0x08004810   0x0000017c   Code   RO         1089    i.HAL_RCC_ClockConfig  stm32f4xx_hal_rcc.o
    0x0800498c   0x0800498c   0x0000000c   Code   RO         1094    i.HAL_RCC_GetHCLKFreq  stm32f4xx_hal_rcc.o
    0x08004998   0x08004998   0x00000020   Code   RO         1096    i.HAL_RCC_GetPCLK1Freq  stm32f4xx_hal_rcc.o
    0x080049b8   0x080049b8   0x00000020   Code   RO         1097    i.HAL_RCC_GetPCLK2Freq  stm32f4xx_hal_rcc.o
    0x080049d8   0x080049d8   0x00000070   Code   RO         1098    i.HAL_RCC_GetSysClockFreq  stm32f4xx_hal_rcc.o
    0x08004a48   0x08004a48   0x00000482   Code   RO         1101    i.HAL_RCC_OscConfig  stm32f4xx_hal_rcc.o
    0x08004eca   0x08004eca   0x000000be   Code   RO         2814    i.HAL_SPI_Init      stm32f4xx_hal_spi.o
    0x08004f88   0x08004f88   0x00000158   Code   RO          446    i.HAL_SPI_MspInit   spi.o
    0x080050e0   0x080050e0   0x00000218   Code   RO         2823    i.HAL_SPI_TransmitReceive  stm32f4xx_hal_spi.o
    0x080052f8   0x080052f8   0x00000028   Code   RO         1891    i.HAL_SYSTICK_Config  stm32f4xx_hal_cortex.o
    0x08005320   0x08005320   0x00000002   Code   RO         3842    i.HAL_TIMEx_BreakCallback  stm32f4xx_hal_tim_ex.o
    0x08005322   0x08005322   0x00000002   Code   RO         3843    i.HAL_TIMEx_CommutCallback  stm32f4xx_hal_tim_ex.o
    0x08005324   0x08005324   0x0000009a   Code   RO         3861    i.HAL_TIMEx_MasterConfigSynchronization  stm32f4xx_hal_tim_ex.o
    0x080053be   0x080053be   0x0000005c   Code   RO         3127    i.HAL_TIM_Base_Init  stm32f4xx_hal_tim.o
    0x0800541a   0x0800541a   0x00000002   PAD
    0x0800541c   0x0800541c   0x000000d0   Code   RO          488    i.HAL_TIM_Base_MspInit  tim.o
    0x080054ec   0x080054ec   0x0000008a   Code   RO         3132    i.HAL_TIM_Base_Start_IT  stm32f4xx_hal_tim.o
    0x08005576   0x08005576   0x000000ea   Code   RO         3136    i.HAL_TIM_ConfigClockSource  stm32f4xx_hal_tim.o
    0x08005660   0x08005660   0x00000002   Code   RO         3161    i.HAL_TIM_IC_CaptureCallback  stm32f4xx_hal_tim.o
    0x08005662   0x08005662   0x0000015c   Code   RO         3175    i.HAL_TIM_IRQHandler  stm32f4xx_hal_tim.o
    0x080057be   0x080057be   0x00000002   PAD
    0x080057c0   0x080057c0   0x00000100   Code   RO          489    i.HAL_TIM_MspPostInit  tim.o
    0x080058c0   0x080058c0   0x00000002   Code   RO         3178    i.HAL_TIM_OC_DelayElapsedCallback  stm32f4xx_hal_tim.o
    0x080058c2   0x080058c2   0x000000d8   Code   RO         3199    i.HAL_TIM_PWM_ConfigChannel  stm32f4xx_hal_tim.o
    0x0800599a   0x0800599a   0x0000005c   Code   RO         3202    i.HAL_TIM_PWM_Init  stm32f4xx_hal_tim.o
    0x080059f6   0x080059f6   0x00000002   Code   RO         3204    i.HAL_TIM_PWM_MspInit  stm32f4xx_hal_tim.o
    0x080059f8   0x080059f8   0x00000002   Code   RO         3205    i.HAL_TIM_PWM_PulseFinishedCallback  stm32f4xx_hal_tim.o
    0x080059fa   0x080059fa   0x00000002   PAD
    0x080059fc   0x080059fc   0x000000dc   Code   RO         3207    i.HAL_TIM_PWM_Start  stm32f4xx_hal_tim.o
    0x08005ad8   0x08005ad8   0x00000002   Code   RO         3213    i.HAL_TIM_PeriodElapsedCallback  stm32f4xx_hal_tim.o
    0x08005ada   0x08005ada   0x00000002   Code   RO         3218    i.HAL_TIM_TriggerCallback  stm32f4xx_hal_tim.o
    0x08005adc   0x08005adc   0x00000002   Code   RO         4121    i.HAL_UARTEx_RxEventCallback  stm32f4xx_hal_uart.o
    0x08005ade   0x08005ade   0x00000002   Code   RO         4135    i.HAL_UART_ErrorCallback  stm32f4xx_hal_uart.o
    0x08005ae0   0x08005ae0   0x00000280   Code   RO         4138    i.HAL_UART_IRQHandler  stm32f4xx_hal_uart.o
    0x08005d60   0x08005d60   0x00000066   Code   RO         4139    i.HAL_UART_Init     stm32f4xx_hal_uart.o
    0x08005dc6   0x08005dc6   0x00000002   PAD
    0x08005dc8   0x08005dc8   0x0000027c   Code   RO          554    i.HAL_UART_MspInit  usart.o
    0x08006044   0x08006044   0x0000001c   Code   RO         4143    i.HAL_UART_Receive_DMA  stm32f4xx_hal_uart.o
    0x08006060   0x08006060   0x0000001c   Code   RO         4144    i.HAL_UART_Receive_IT  stm32f4xx_hal_uart.o
    0x0800607c   0x0800607c   0x0000003c   Code   RO           16    i.HAL_UART_RxCpltCallback  main.o
    0x080060b8   0x080060b8   0x00000002   Code   RO         4146    i.HAL_UART_RxHalfCpltCallback  stm32f4xx_hal_uart.o
    0x080060ba   0x080060ba   0x000000b8   Code   RO         4147    i.HAL_UART_Transmit  stm32f4xx_hal_uart.o
    0x08006172   0x08006172   0x00000002   Code   RO         4150    i.HAL_UART_TxCpltCallback  stm32f4xx_hal_uart.o
    0x08006174   0x08006174   0x00000004   Code   RO          620    i.HardFault_Handler  stm32f4xx_it.o
    0x08006178   0x08006178   0x00000032   Code   RO         2333    i.I2C_IsAcknowledgeFailed  stm32f4xx_hal_i2c.o
    0x080061aa   0x080061aa   0x00000002   PAD
    0x080061ac   0x080061ac   0x00000154   Code   RO         2344    i.I2C_RequestMemoryRead  stm32f4xx_hal_i2c.o
    0x08006300   0x08006300   0x000000d0   Code   RO         2345    i.I2C_RequestMemoryWrite  stm32f4xx_hal_i2c.o
    0x080063d0   0x080063d0   0x00000066   Code   RO         2353    i.I2C_WaitOnBTFFlagUntilTimeout  stm32f4xx_hal_i2c.o
    0x08006436   0x08006436   0x000000ea   Code   RO         2354    i.I2C_WaitOnFlagUntilTimeout  stm32f4xx_hal_i2c.o
    0x08006520   0x08006520   0x000000ec   Code   RO         2355    i.I2C_WaitOnMasterAddressFlagUntilTimeout  stm32f4xx_hal_i2c.o
    0x0800660c   0x0800660c   0x00000086   Code   RO         2356    i.I2C_WaitOnRXNEFlagUntilTimeout  stm32f4xx_hal_i2c.o
    0x08006692   0x08006692   0x00000066   Code   RO         2359    i.I2C_WaitOnTXEFlagUntilTimeout  stm32f4xx_hal_i2c.o
    0x080066f8   0x080066f8   0x00000020   Code   RO         5224    i.LED_Init          led.o
    0x08006718   0x08006718   0x00000010   Code   RO         5225    i.LED_R_Off         led.o
    0x08006728   0x08006728   0x00000010   Code   RO         5226    i.LED_R_On          led.o
    0x08006738   0x08006738   0x0000001c   Code   RO         5227    i.LED_R_Toggle      led.o
    0x08006754   0x08006754   0x00000044   Code   RO          302    i.MX_CAN1_Init      can.o
    0x08006798   0x08006798   0x00000044   Code   RO          303    i.MX_CAN2_Init      can.o
    0x080067dc   0x080067dc   0x00000088   Code   RO          349    i.MX_DMA_Init       dma.o
    0x08006864   0x08006864   0x000001b0   Code   RO          276    i.MX_GPIO_Init      gpio.o
    0x08006a14   0x08006a14   0x0000003c   Code   RO          375    i.MX_I2C3_Init      i2c.o
    0x08006a50   0x08006a50   0x00000048   Code   RO          447    i.MX_SPI1_Init      spi.o
    0x08006a98   0x08006a98   0x0000006c   Code   RO          490    i.MX_TIM10_Init     tim.o
    0x08006b04   0x08006b04   0x000000a4   Code   RO          491    i.MX_TIM4_Init      tim.o
    0x08006ba8   0x08006ba8   0x000000c4   Code   RO          492    i.MX_TIM5_Init      tim.o
    0x08006c6c   0x08006c6c   0x0000004c   Code   RO          493    i.MX_TIM6_Init      tim.o
    0x08006cb8   0x08006cb8   0x00000038   Code   RO          555    i.MX_USART1_UART_Init  usart.o
    0x08006cf0   0x08006cf0   0x0000003c   Code   RO          556    i.MX_USART3_UART_Init  usart.o
    0x08006d2c   0x08006d2c   0x00000038   Code   RO          557    i.MX_USART6_UART_Init  usart.o
    0x08006d64   0x08006d64   0x00000004   Code   RO          621    i.MemManage_Handler  stm32f4xx_it.o
    0x08006d68   0x08006d68   0x00000002   Code   RO          622    i.NMI_Handler       stm32f4xx_it.o
    0x08006d6a   0x08006d6a   0x0000000a   Code   RO         4574    i.PID_PositionSetEkRange  pid.o
    0x08006d74   0x08006d74   0x0000000a   Code   RO         4576    i.PID_PositionSetOUTRange  pid.o
    0x08006d7e   0x08006d7e   0x0000000e   Code   RO         4577    i.PID_PositionSetParameter  pid.o
    0x08006d8c   0x08006d8c   0x000000a4   Code   RO         4578    i.PID_PositionStructureInit  pid.o
    0x08006e30   0x08006e30   0x00000002   Code   RO          623    i.PendSV_Handler    stm32f4xx_it.o
    0x08006e32   0x08006e32   0x00000002   PAD
    0x08006e34   0x08006e34   0x00000020   Code   RO          624    i.RefereeSystem_VerifyCRC8CheckSum  stm32f4xx_it.o
    0x08006e54   0x08006e54   0x00000020   Code   RO         5116    i.Remote_Init       remote.o
    0x08006e74   0x08006e74   0x00000124   Code   RO         5117    i.Remote_UART_IDLE_Callback  remote.o
    0x08006f98   0x08006f98   0x00000084   Code   RO         2852    i.SPI_EndRxTxTransaction  stm32f4xx_hal_spi.o
    0x0800701c   0x0800701c   0x000000d8   Code   RO         2857    i.SPI_WaitFlagStateUntilTimeout  stm32f4xx_hal_spi.o
    0x080070f4   0x080070f4   0x00000002   Code   RO          625    i.SVC_Handler       stm32f4xx_it.o
    0x080070f6   0x080070f6   0x00000008   Code   RO          626    i.SysTick_Handler   stm32f4xx_it.o
    0x080070fe   0x080070fe   0x00000002   PAD
    0x08007100   0x08007100   0x000000b8   Code   RO           18    i.SystemClock_Config  main.o
    0x080071b8   0x080071b8   0x00000064   Code   RO          818    i.SystemInit        system_stm32f4xx.o
    0x0800721c   0x0800721c   0x00000028   Code   RO          627    i.TIM6_DAC_IRQHandler  stm32f4xx_it.o
    0x08007244   0x08007244   0x000000d4   Code   RO         3220    i.TIM_Base_SetConfig  stm32f4xx_hal_tim.o
    0x08007318   0x08007318   0x0000001e   Code   RO         3221    i.TIM_CCxChannelCmd  stm32f4xx_hal_tim.o
    0x08007336   0x08007336   0x00000016   Code   RO         3231    i.TIM_ETR_SetConfig  stm32f4xx_hal_tim.o
    0x0800734c   0x0800734c   0x00000010   Code   RO         3232    i.TIM_ITRx_SetConfig  stm32f4xx_hal_tim.o
    0x0800735c   0x0800735c   0x00000070   Code   RO         3233    i.TIM_OC1_SetConfig  stm32f4xx_hal_tim.o
    0x080073cc   0x080073cc   0x00000078   Code   RO         3234    i.TIM_OC2_SetConfig  stm32f4xx_hal_tim.o
    0x08007444   0x08007444   0x00000078   Code   RO         3235    i.TIM_OC3_SetConfig  stm32f4xx_hal_tim.o
    0x080074bc   0x080074bc   0x00000058   Code   RO         3236    i.TIM_OC4_SetConfig  stm32f4xx_hal_tim.o
    0x08007514   0x08007514   0x00000026   Code   RO         3238    i.TIM_TI1_ConfigInputStage  stm32f4xx_hal_tim.o
    0x0800753a   0x0800753a   0x00000028   Code   RO         3240    i.TIM_TI2_ConfigInputStage  stm32f4xx_hal_tim.o
    0x08007562   0x08007562   0x00000002   PAD
    0x08007564   0x08007564   0x00000018   Code   RO         5383    i.UART2_SendByte    bsp_usart.o
    0x0800757c   0x0800757c   0x0000006c   Code   RO         5384    i.UART2_SendFloat_Sign  bsp_usart.o
    0x080075e8   0x080075e8   0x0000001a   Code   RO         5387    i.UART2_SendString  bsp_usart.o
    0x08007602   0x08007602   0x0000000e   Code   RO         4152    i.UART_DMAAbortOnError  stm32f4xx_hal_uart.o
    0x08007610   0x08007610   0x0000004a   Code   RO         4153    i.UART_DMAError     stm32f4xx_hal_uart.o
    0x0800765a   0x0800765a   0x00000090   Code   RO         4154    i.UART_DMAReceiveCplt  stm32f4xx_hal_uart.o
    0x080076ea   0x080076ea   0x0000001e   Code   RO         4156    i.UART_DMARxHalfCplt  stm32f4xx_hal_uart.o
    0x08007708   0x08007708   0x0000004e   Code   RO         4162    i.UART_EndRxTransfer  stm32f4xx_hal_uart.o
    0x08007756   0x08007756   0x0000001a   Code   RO         4163    i.UART_EndTransmit_IT  stm32f4xx_hal_uart.o
    0x08007770   0x08007770   0x0000001c   Code   RO         4164    i.UART_EndTxTransfer  stm32f4xx_hal_uart.o
    0x0800778c   0x0800778c   0x000000ca   Code   RO         4165    i.UART_Receive_IT   stm32f4xx_hal_uart.o
    0x08007856   0x08007856   0x00000002   PAD
    0x08007858   0x08007858   0x000000fc   Code   RO         4166    i.UART_SetConfig    stm32f4xx_hal_uart.o
    0x08007954   0x08007954   0x000000b0   Code   RO         4167    i.UART_Start_Receive_DMA  stm32f4xx_hal_uart.o
    0x08007a04   0x08007a04   0x00000038   Code   RO         4168    i.UART_Start_Receive_IT  stm32f4xx_hal_uart.o
    0x08007a3c   0x08007a3c   0x0000005e   Code   RO         4169    i.UART_Transmit_IT  stm32f4xx_hal_uart.o
    0x08007a9a   0x08007a9a   0x0000008e   Code   RO         4170    i.UART_WaitOnFlagUntilTimeout  stm32f4xx_hal_uart.o
    0x08007b28   0x08007b28   0x00000010   Code   RO          628    i.USART1_IRQHandler  stm32f4xx_it.o
    0x08007b38   0x08007b38   0x0000002c   Code   RO          629    i.USART3_IRQHandler  stm32f4xx_it.o
    0x08007b64   0x08007b64   0x0000016c   Code   RO          630    i.USART6_IRQHandler  stm32f4xx_it.o
    0x08007cd0   0x08007cd0   0x00000004   Code   RO          631    i.UsageFault_Handler  stm32f4xx_it.o
    0x08007cd4   0x08007cd4   0x00000030   Code   RO         5832    i.__ARM_fpclassify  m_wm.l(fpclassify.o)
    0x08007d04   0x08007d04   0x00000004   PAD
    0x08007d08   0x08007d08   0x000002d8   Code   RO         5740    i.__hardfp_atan     m_wm.l(atan.o)
    0x08007fe0   0x08007fe0   0x00000200   Code   RO         5677    i.__hardfp_atan2    m_wm.l(atan2.o)
    0x080081e0   0x080081e0   0x000000f8   Code   RO         5834    i.__kernel_poly     m_wm.l(poly.o)
    0x080082d8   0x080082d8   0x00000014   Code   RO         5755    i.__mathlib_dbl_infnan  m_wm.l(dunder.o)
    0x080082ec   0x080082ec   0x00000014   Code   RO         5756    i.__mathlib_dbl_infnan2  m_wm.l(dunder.o)
    0x08008300   0x08008300   0x00000020   Code   RO         5760    i.__mathlib_dbl_underflow  m_wm.l(dunder.o)
    0x08008320   0x08008320   0x0000000e   Code   RO         5625    i._is_digit         c_w.l(__printf_wp.o)
    0x0800832e   0x0800832e   0x00000010   Code   RO         5742    i.atan              m_wm.l(atan.o)
    0x0800833e   0x0800833e   0x00000018   Code   RO         5691    i.fabs              m_wm.l(fabs.o)
    0x08008356   0x08008356   0x00000002   Code   RO         4846    i.ist8310_GPIO_init  ist8310driver_middleware.o
    0x08008358   0x08008358   0x0000002c   Code   RO         4848    i.ist8310_IIC_read_single_reg  ist8310driver_middleware.o
    0x08008384   0x08008384   0x00000028   Code   RO         4850    i.ist8310_IIC_write_single_reg  ist8310driver_middleware.o
    0x080083ac   0x080083ac   0x00000014   Code   RO         4851    i.ist8310_RST_H     ist8310driver_middleware.o
    0x080083c0   0x080083c0   0x00000014   Code   RO         4852    i.ist8310_RST_L     ist8310driver_middleware.o
    0x080083d4   0x080083d4   0x00000002   Code   RO         4853    i.ist8310_com_init  ist8310driver_middleware.o
    0x080083d6   0x080083d6   0x0000000c   Code   RO         4854    i.ist8310_delay_ms  ist8310driver_middleware.o
    0x080083e2   0x080083e2   0x0000004a   Code   RO         4855    i.ist8310_delay_us  ist8310driver_middleware.o
    0x0800842c   0x0800842c   0x0000008c   Code   RO         4811    i.ist8310_init      ist8310driver.o
    0x080084b8   0x080084b8   0x00000148   Code   RO           19    i.main              main.o
    0x08008600   0x08008600   0x00000008   Code   RO         5118    i.remote_GetControlPoint  remote.o
    0x08008608   0x08008608   0x000000da   Code   RO         5119    i.remote_SbusToRC   remote.o
    0x080086e2   0x080086e2   0x00000002   PAD
    0x080086e4   0x080086e4   0x0000002c   Code   RO         5828    locale$$code        c_w.l(lc_numeric_c.o)
    0x08008710   0x08008710   0x00000018   Code   RO         5723    x$fpl$basic         fz_wm.l(basic.o)
    0x08008728   0x08008728   0x00000062   Code   RO         5645    x$fpl$d2f           fz_wm.l(d2f.o)
    0x0800878a   0x0800878a   0x00000002   PAD
    0x0800878c   0x0800878c   0x00000150   Code   RO         5647    x$fpl$dadd          fz_wm.l(daddsub_clz.o)
    0x080088dc   0x080088dc   0x00000018   Code   RO         5725    x$fpl$dcmpinf       fz_wm.l(dcmpi.o)
    0x080088f4   0x080088f4   0x000002b0   Code   RO         5654    x$fpl$ddiv          fz_wm.l(ddiv.o)
    0x08008ba4   0x08008ba4   0x00000078   Code   RO         5727    x$fpl$deqf          fz_wm.l(deqf.o)
    0x08008c1c   0x08008c1c   0x00000154   Code   RO         5665    x$fpl$dmul          fz_wm.l(dmul.o)
    0x08008d70   0x08008d70   0x0000009c   Code   RO         5729    x$fpl$dnaninf       fz_wm.l(dnaninf.o)
    0x08008e0c   0x08008e0c   0x0000000c   Code   RO         5733    x$fpl$dretinf       fz_wm.l(dretinf.o)
    0x08008e18   0x08008e18   0x00000016   Code   RO         5648    x$fpl$drsb          fz_wm.l(daddsub_clz.o)
    0x08008e2e   0x08008e2e   0x00000002   PAD
    0x08008e30   0x08008e30   0x000001d4   Code   RO         5649    x$fpl$dsub          fz_wm.l(daddsub_clz.o)
    0x08009004   0x08009004   0x00000056   Code   RO         5667    x$fpl$f2d           fz_wm.l(f2d.o)
    0x0800905a   0x0800905a   0x00000060   Code   RO         5673    x$fpl$ffltll        fz_wm.l(ffltll_clz.o)
    0x080090ba   0x080090ba   0x0000008c   Code   RO         5735    x$fpl$fnaninf       fz_wm.l(fnaninf.o)
    0x08009146   0x08009146   0x0000000a   Code   RO         5910    x$fpl$fpinit        fz_wm.l(fpinit.o)
    0x08009150   0x08009150   0x0000000a   Code   RO         5737    x$fpl$fretinf       fz_wm.l(fretinf.o)
    0x0800915a   0x0800915a   0x00000002   PAD
    0x0800915c   0x0800915c   0x00000086   Code   RO         5669    x$fpl$llsfromf      fz_wm.l(ffixll.o)
    0x080091e2   0x080091e2   0x00000004   Code   RO         5675    x$fpl$printf1       fz_wm.l(printf1.o)
    0x080091e6   0x080091e6   0x00000000   Code   RO         5739    x$fpl$usenofp       fz_wm.l(usenofp.o)
    0x080091e6   0x080091e6   0x00000100   Data   RO          633    .constdata          stm32f4xx_it.o
    0x080092e6   0x080092e6   0x00000018   Data   RO          819    .constdata          system_stm32f4xx.o
    0x080092fe   0x080092fe   0x00000008   Data   RO         1607    .constdata          stm32f4xx_hal_dma.o
    0x08009306   0x08009306   0x0000000c   Data   RO         4814    .constdata          ist8310driver.o
    0x08009312   0x08009312   0x00000006   PAD
    0x08009318   0x08009318   0x00000098   Data   RO         5743    .constdata          m_wm.l(atan.o)
    0x080093b0   0x080093b0   0x00000008   Data   RO         5768    .constdata          m_wm.l(qnan.o)
    0x080093b8   0x080093b8   0x00000094   Data   RO         5803    .constdata          c_w.l(bigflt0.o)
    0x0800944c   0x0800944c   0x00000020   Data   RO         5981    Region$$Table       anon$$obj.o
    0x0800946c   0x0800946c   0x0000001c   Data   RO         5827    locale$$data        c_w.l(lc_numeric_c.o)


    Execution Region RW_IRAM1 (Exec base: 0x20000000, Load base: 0x08009488, Size: 0x00001d80, Max: 0x00020000, ABSOLUTE, COMPRESSED[0x000000c8])

    Exec Addr    Load Addr    Size         Type   Attr      Idx    E Section Name        Object

    0x20000000   COMPRESSED   0x00000010   Data   RW           20    .data               main.o
    0x20000010   COMPRESSED   0x00000004   Data   RW          305    .data               can.o
    0x20000014   COMPRESSED   0x00000002   Data   RW          634    .data               stm32f4xx_it.o
    0x20000016   COMPRESSED   0x00000002   PAD
    0x20000018   COMPRESSED   0x00000004   Data   RW          820    .data               system_stm32f4xx.o
    0x2000001c   COMPRESSED   0x0000000c   Data   RW         2047    .data               stm32f4xx_hal.o
    0x20000028   COMPRESSED   0x00000004   Data   RW         4526    .data               gimbal_yaw_small.o
    0x2000002c   COMPRESSED   0x00000228   Data   RW         4961    .data               gimbal_warning.o
    0x20000254   COMPRESSED   0x00000006   Data   RW         5121    .data               remote.o
    0x2000025a   COMPRESSED   0x00000006   PAD
    0x20000260   COMPRESSED   0x00000040   Data   RW         5173    .data               bmi088.o
    0x200002a0   COMPRESSED   0x0000002c   Data   RW         5471    .data               bmi088driver.o
    0x200002cc        -       0x00000050   Zero   RW          304    .bss                can.o
    0x2000031c        -       0x00000054   Zero   RW          376    .bss                i2c.o
    0x20000370        -       0x0000000c   Zero   RW          416    .bss                iwdg.o
    0x2000037c        -       0x00000118   Zero   RW          448    .bss                spi.o
    0x20000494        -       0x00000120   Zero   RW          494    .bss                tim.o
    0x200005b4        -       0x00000198   Zero   RW          558    .bss                usart.o
    0x2000074c        -       0x0000001c   Zero   RW          632    .bss                stm32f4xx_it.o
    0x20000768        -       0x00000098   Zero   RW         4484    .bss                gimbal_pitch.o
    0x20000800        -       0x000000e4   Zero   RW         4525    .bss                gimbal_yaw_small.o
    0x200008e4        -       0x00000098   Zero   RW         4660    .bss                gimbal_shoot.o
    0x2000097c        -       0x00000098   Zero   RW         4698    .bss                gimbal_trigger.o
    0x20000a14        -       0x00000098   Zero   RW         4735    .bss                gimbal_yaw_big.o
    0x20000aac        -       0x000000d0   Zero   RW         4929    .bss                gimbal_posecalc.o
    0x20000b7c   COMPRESSED   0x00000004   PAD
    0x20000b80        -       0x00000b40   Zero   RW         5026    .bss                motor.o
    0x200016c0        -       0x0000005e   Zero   RW         5120    .bss                remote.o
    0x2000171e   COMPRESSED   0x00000002   PAD
    0x20001720        -       0x00000060   Zero   RW         5837    .bss                c_w.l(libspace.o)
    0x20001780        -       0x00000200   Zero   RW            2    HEAP                startup_stm32f407xx.o
    0x20001980        -       0x00000400   Zero   RW            1    STACK               startup_stm32f407xx.o


==============================================================================

Image component sizes


      Code (inc. data)   RO Data    RW Data    ZI Data      Debug   Object Name

      1162         84          0         64          0       1965   bmi088.o
       418          8          0         44          0       3077   bmi088driver.o
       112         28          0          0          0       2603   bmi088middleware.o
        88          8          0          0          0        578   bsp_can.o
       314         40          0          0          0       3008   bsp_usart.o
        16          4          0          0          0        474   buzzer.o
       520         44          0          4         80       2406   can.o
       136          6          0          0          0        806   dma.o
       128          4          0          0          0       1232   gimbal_ctoc.o
       140         38          0          0        152       1683   gimbal_pitch.o
       272         36          0          0        208        984   gimbal_posecalc.o
       136         20          0          0        152        891   gimbal_shoot.o
        76         16          0          0        152        821   gimbal_trigger.o
        52          8          0        552          0       2229   gimbal_warning.o
       160         44          0          0        152        842   gimbal_yaw_big.o
       132         30          0          4        228        965   gimbal_yaw_small.o
       432         20          0          0          0       1163   gpio.o
       260         30          0          0         84       1689   i2c.o
       140          4         12          0          0       1935   ist8310driver.o
       214         22          0          0          0       4654   ist8310driver_middleware.o
         0          0          0          0         12        196   iwdg.o
        92         20          0          0          0       1817   led.o
       820         84          0         16          0     728456   main.o
      3084         96          0          0       2880       5336   motor.o
       198         14          0          0          0       2858   pid.o
       648         40          0          6         94       5361   remote.o
       416         38          0          0        280       1899   spi.o
        64         26        392          0       1536        844   startup_stm32f407xx.o
       188         30          0         12          0       9417   stm32f4xx_hal.o
      1992          6          0          0          0      14963   stm32f4xx_hal_can.o
       208         16          0          0          0      33551   stm32f4xx_hal_cortex.o
      1272         18          8          0          0       7510   stm32f4xx_hal_dma.o
       594         24          0          0          0       2987   stm32f4xx_hal_gpio.o
      2930         50          0          0          0      13850   stm32f4xx_hal_i2c.o
        12          0          0          0          0       1123   stm32f4xx_hal_iwdg.o
        80          6          0          0          0        838   stm32f4xx_hal_msp.o
      1722        104          0          0          0       6556   stm32f4xx_hal_rcc.o
      1074         16          0          0          0       4977   stm32f4xx_hal_spi.o
      2150         56          0          0          0      17572   stm32f4xx_hal_tim.o
       158          0          0          0          0       2601   stm32f4xx_hal_tim_ex.o
      2306         20          0          0          0      17850   stm32f4xx_hal_uart.o
       686        104        256          2         28      13760   stm32f4xx_it.o
       100         18         24          4          0       1155   system_stm32f4xx.o
      1008         84          0          0        288       4589   tim.o
       808         82          0          0        408       3250   usart.o

    ----------------------------------------------------------------------
     27558       1446        730        716       6740     937321   Object Totals
         0          0         32          0          0          0   (incl. Generated)
        40          0          6          8          6          0   (incl. Padding)

    ----------------------------------------------------------------------

      Code (inc. data)   RO Data    RW Data    ZI Data      Debug   Library Member Name

        56          6          0          0          0         88   __2snprintf.o
        90          0          0          0          0          0   __dczerorl2.o
         8          0          0          0          0         68   __main.o
       284          0          0          0          0        156   __printf_wp.o
         0          0          0          0          0          0   __rtentry.o
        12          0          0          0          0          0   __rtentry2.o
         6          0          0          0          0          0   __rtentry4.o
        52          8          0          0          0          0   __scatter.o
        28          0          0          0          0          0   __scatter_zi.o
        48          6          0          0          0         96   _printf_char_common.o
         6          0          0          0          0          0   _printf_f.o
      1054          0          0          0          0        216   _printf_fp_dec.o
       128         16          0          0          0         84   _printf_fp_infnan.o
         0          0          0          0          0          0   _printf_percent.o
         4          0          0          0          0          0   _printf_percent_end.o
        22          0          0          0          0        100   _rserrno.o
        16          0          0          0          0         68   _snputc.o
        10          0          0          0          0         68   _sputc.o
       228          4        148          0          0         96   bigflt0.o
      1936        128          0          0          0        672   btod.o
        18          0          0          0          0         80   exit.o
         6          0          0          0          0        152   heapauxi.o
         0          0          0          0          0          0   indicate_semi.o
        44         10         28          0          0         76   lc_numeric_c.o
         2          0          0          0          0          0   libinit.o
        22          0          0          0          0          0   libinit2.o
         2          0          0          0          0          0   libshutdown.o
         2          0          0          0          0          0   libshutdown2.o
         8          4          0          0         96         68   libspace.o
        72          0          0          0          0         76   llsdiv.o
       138          0          0          0          0         80   lludiv10.o
       238          0          0          0          0        100   lludivv7m.o
         8          4          0          0          0         68   rt_errno_addr_intlibspace.o
         8          4          0          0          0         68   rt_locale_intlibspace.o
        78          0          0          0          0         80   rt_memclr_w.o
       100          0          0          0          0         80   rt_memcpy_w.o
         2          0          0          0          0          0   rtexit.o
        10          0          0          0          0          0   rtexit2.o
       128          0          0          0          0         68   strcmpv7m.o
        12          4          0          0          0         68   sys_exit.o
        74          0          0          0          0         80   sys_stackheap_outer.o
         2          0          0          0          0         68   use_no_semi.o
        24          0          0          0          0        164   basic.o
        98          4          0          0          0        140   d2f.o
       826         16          0          0          0        492   daddsub_clz.o
        24          0          0          0          0        116   dcmpi.o
       688        140          0          0          0        256   ddiv.o
       120          4          0          0          0        140   deqf.o
       340         12          0          0          0        152   dmul.o
       156          4          0          0          0        140   dnaninf.o
        12          0          0          0          0        116   dretinf.o
        86          4          0          0          0        132   f2d.o
       134          4          0          0          0        132   ffixll.o
        96          0          0          0          0        132   ffltll_clz.o
       140          4          0          0          0        132   fnaninf.o
        10          0          0          0          0        116   fpinit.o
        10          0          0          0          0        116   fretinf.o
         4          0          0          0          0        116   printf1.o
         0          0          0          0          0          0   usenofp.o
       744        106        152          0          0        352   atan.o
       512         64          0          0          0        208   atan2.o
        72          8          0          0          0        372   dunder.o
        24          0          0          0          0        124   fabs.o
        48          0          0          0          0        124   fpclassify.o
       248          0          0          0          0        152   poly.o
         0          0          8          0          0          0   qnan.o

    ----------------------------------------------------------------------
      9400        564        336          0         96       6848   Library Totals
        22          0          0          0          0          0   (incl. Padding)

    ----------------------------------------------------------------------

      Code (inc. data)   RO Data    RW Data    ZI Data      Debug   Library Name

      4962        194        176          0         96       2924   c_w.l
      2768        192          0          0          0       2592   fz_wm.l
      1648        178        160          0          0       1332   m_wm.l

    ----------------------------------------------------------------------
      9400        564        336          0         96       6848   Library Totals

    ----------------------------------------------------------------------

==============================================================================


      Code (inc. data)   RO Data    RW Data    ZI Data      Debug   

     36958       2010       1066        716       6836     920057   Grand Totals
     36958       2010       1066        200       6836     920057   ELF Image Totals (compressed)
     36958       2010       1066        200          0          0   ROM Totals

==============================================================================

    Total RO  Size (Code + RO Data)                38024 (  37.13kB)
    Total RW  Size (RW Data + ZI Data)              7552 (   7.38kB)
    Total ROM Size (Code + RO Data + RW Data)      38224 (  37.33kB)

==============================================================================

