<html>
<body>
<pre>
<h1>µVision Build Log</h1>
<h2>Tool Versions:</h2>
IDE-Version: ¦ÌVision V5.41.0.0
Copyright (C) 2024 ARM Ltd and ARM Germany GmbH. All rights reserved.
License Information: 1 3276272583@qq.com, 11, LIC=FYKYW-QNFD7-QDZKD-8HTTW-B7KGR-03RXA
 
Tool Versions:
Toolchain:       MDK-ARM Plus  Version: 5.41.0.0
Toolchain Path:  D:\keil5\ARM\ARMCOMPLIER506\Bin
C Compiler:      Armcc.exe V5.06 update 7 (build 960)
Assembler:       Armasm.exe V5.06 update 7 (build 960)
Linker/Locator:  ArmLink.exe V5.06 update 7 (build 960)
Library Manager: ArmAr.exe V5.06 update 7 (build 960)
Hex Converter:   FromElf.exe V5.06 update 7 (build 960)
CPU DLL:         SARMCM3.DLL V5.41.0.0
Dialog DLL:      DCM.DLL V1.17.5.0
Target DLL:      CMSIS_AGDI.dll V1.33.21.0
Dialog DLL:      TCM.DLL V1.56.4.0
 
<h2>Project:</h2>
C:\Users\32762\Desktop\RM-2026-Gimbal\MDK-ARM\can.uvprojx
Project File Date:  03/23/2026

<h2>Output:</h2>
*** Using Compiler 'V5.06 update 7 (build 960)', folder: 'D:\keil5\ARM\ARMCOMPLIER506\Bin'
Build target 'can'
compiling main.c...
../Src/main.c(178): warning:  #223-D: function "Buzzer_Init" declared implicitly
  	Buzzer_Init();
../Src/main.c(180): warning:  #223-D: function "Gimbal_YawBig_Init" declared implicitly
    Gimbal_YawBig_Init();
../Src/main.c(206): warning:  #223-D: function "Gimbal_Warning_Remote" declared implicitly
  		Gimbal_Warning_Remote();
../Src/main.c(356): warning:  #188-D: enumerated type mixed with another type
  							CAN1_M3508_DataProcess(0x201,rx_data);break;
../Src/main.c(358): warning:  #188-D: enumerated type mixed with another type
  							CAN1_M3508_DataProcess(0x202,rx_data);break;
../Src/main.c(366): warning:  #188-D: enumerated type mixed with another type
  							CAN1_M6020_DataProcess(0x206,rx_data);break;
../Src/main.c(368): warning:  #188-D: enumerated type mixed with another type
  							CAN1_M2006_DataProcess(0x207,rx_data);break;
../Src/main.c(388): warning:  #188-D: enumerated type mixed with another type
  							CAN2_M6020_DataProcess(0x205,rx_data);break;
../Src/main.c(390): warning:  #188-D: enumerated type mixed with another type
  							CAN2_M6020_DataProcess(0x206,rx_data);break;
../Src/main.c(396): warning:  #223-D: function "CToC_AngleProcess" declared implicitly
  							CToC_AngleProcess(0x146,rx_data,&Can_BMI088_Data);break;
../Src/main.c(340): warning:  #177-D: variable "temp"  was declared but never referenced
  		static int temp = 0; 
../Src/main.c: 11 warnings, 0 errors
linking...
Program Size: Code=36958 RO-data=1066 RW-data=716 ZI-data=6836  
"can\can.axf" - 0 Error(s), 11 Warning(s).

<h2>Software Packages used:</h2>

Package Vendor: ARM
                https://www.keil.com/pack/ARM.CMSIS.6.1.0.pack
                ARM::CMSIS@6.1.0
                CMSIS (Common Microcontroller Software Interface Standard)
   * Component: CORE Version: 6.1.0

Package Vendor: Keil
                https://www.keil.com/pack/Keil.STM32F4xx_DFP.3.0.0.pack
                Keil::STM32F4xx_DFP@3.0.0
                STMicroelectronics STM32F4 Series Device Support

<h2>Collection of Component include folders:</h2>
  ./RTE/_can
  D:/keil5/ARM/pack/ARM/CMSIS/6.1.0/CMSIS/Core/Include

<h2>Collection of Component Files used:</h2>

   * Component: ARM::CMSIS:CORE@6.1.0
Build Time Elapsed:  00:00:04
</pre>
</body>
</html>
